../Drivers/BSP/STM32746G-Discovery/stm32746g_discovery_qspi.c:736:16:QSPI_AutoPollingMemReady.constprop	88	static
../Drivers/BSP/STM32746G-Discovery/stm32746g_discovery_qspi.c:690:16:QSPI_WriteEnable.constprop	88	static
../Drivers/BSP/STM32746G-Discovery/stm32746g_discovery_qspi.c:179:9:BSP_QSPI_Read	72	static
../Drivers/BSP/STM32746G-Discovery/stm32746g_discovery_qspi.c:225:9:BSP_QSPI_Write	80	static
../Drivers/BSP/STM32746G-Discovery/stm32746g_discovery_qspi.c:299:9:BSP_QSPI_Erase_Block	64	static
../Drivers/BSP/STM32746G-Discovery/stm32746g_discovery_qspi.c:341:9:BSP_QSPI_Erase_Chip	64	static
../Drivers/BSP/STM32746G-Discovery/stm32746g_discovery_qspi.c:381:9:BSP_QSPI_GetStatus	72	static
../Drivers/BSP/STM32746G-Discovery/stm32746g_discovery_qspi.c:434:9:BSP_QSPI_GetInfo	0	static
../Drivers/BSP/STM32746G-Discovery/stm32746g_discovery_qspi.c:450:9:BSP_QSPI_EnableMemoryMappedMode	72	static
../Drivers/BSP/STM32746G-Discovery/stm32746g_discovery_qspi.c:495:13:BSP_QSPI_MspInit	72	static
../Drivers/BSP/STM32746G-Discovery/stm32746g_discovery_qspi.c:109:9:BSP_QSPI_Init	88	static,ignoring_inline_asm
../Drivers/BSP/STM32746G-Discovery/stm32746g_discovery_qspi.c:561:13:BSP_QSPI_MspDeInit	8	static
../Drivers/BSP/STM32746G-Discovery/stm32746g_discovery_qspi.c:156:9:BSP_QSPI_DeInit	16	static
