../Drivers/CMSIS/Include/core_cm7.h:2229:22:SCB_EnableICache	4	static,ignoring_inline_asm
../Drivers/CMSIS/Include/core_cm7.h:2281:22:SCB_EnableDCache	24	static,ignoring_inline_asm
../Core/Src/main.c:135:5:main	8	static
../Core/Src/main.c:214:6:preprocess_image	32	static
../Core/Src/main.c:223:6:test_ai_model	49232	static
../Core/Src/main.c:282:6:ai_run	49168	static
../Core/Src/main.c:379:6:UART_SendString	16	static
../Core/Src/main.c:394:6:SystemClock_Config	88	static
../Core/Src/main.c:449:13:MX_CRC_Init	8	static
../Core/Src/main.c:480:13:MX_DMA2D_Init	8	static
../Core/Src/main.c:593:6:MX_USART1_UART_Init	8	static
../Core/Src/main.c:630:7:MX_GPIO_Init	72	static
../Core/Src/main.c:1083:6:MPU_Config	24	static
../Core/Src/main.c:1121:6:Error_Handler	4	static,ignoring_inline_asm
