../Core/Src/stm32f7xx_hal_msp.c:63:6:HAL_MspInit	8	static
../Core/Src/stm32f7xx_hal_msp.c:86:6:HAL_CRC_MspInit	8	static
../Core/Src/stm32f7xx_hal_msp.c:108:6:HAL_CRC_MspDeInit	0	static
../Core/Src/stm32f7xx_hal_msp.c:130:6:HAL_DMA2D_MspInit	8	static
../Core/Src/stm32f7xx_hal_msp.c:152:6:HAL_DMA2D_MspDeInit	0	static
../Core/Src/stm32f7xx_hal_msp.c:174:6:HAL_LTDC_MspInit	192	static
../Core/Src/stm32f7xx_hal_msp.c:288:6:HAL_LTDC_MspDeInit	8	static
../Core/Src/stm32f7xx_hal_msp.c:355:6:HAL_UART_MspInit	184	static
../Core/Src/stm32f7xx_hal_msp.c:410:6:HAL_UART_MspDeInit	8	static
