../Drivers/BSP/STM32746G-Discovery/stm32746g_discovery.c:555:13:I2Cx_Init	56	static
../Drivers/BSP/STM32746G-Discovery/stm32746g_discovery.c:623:26:I2Cx_WriteMultiple	32	static
../Drivers/BSP/STM32746G-Discovery/stm32746g_discovery.c:593:26:I2Cx_ReadMultiple	32	static
../Drivers/BSP/STM32746G-Discovery/stm32746g_discovery.c:178:10:BSP_GetVersion	0	static
../Drivers/BSP/STM32746G-Discovery/stm32746g_discovery.c:190:6:BSP_LED_Init	40	static
../Drivers/BSP/STM32746G-Discovery/stm32746g_discovery.c:222:6:BSP_LED_DeInit	8	static
../Drivers/BSP/STM32746G-Discovery/stm32746g_discovery.c:245:6:BSP_LED_On	0	static
../Drivers/BSP/STM32746G-Discovery/stm32746g_discovery.c:263:6:BSP_LED_Off	0	static
../Drivers/BSP/STM32746G-Discovery/stm32746g_discovery.c:281:6:BSP_LED_Toggle	0	static
../Drivers/BSP/STM32746G-Discovery/stm32746g_discovery.c:309:6:BSP_PB_Init	48	static
../Drivers/BSP/STM32746G-Discovery/stm32746g_discovery.c:363:6:BSP_PB_DeInit	16	static
../Drivers/BSP/STM32746G-Discovery/stm32746g_discovery.c:385:10:BSP_PB_GetState	8	static
../Drivers/BSP/STM32746G-Discovery/stm32746g_discovery.c:400:6:BSP_COM_Init	56	static
../Drivers/BSP/STM32746G-Discovery/stm32746g_discovery.c:440:6:BSP_COM_DeInit	8	static
../Drivers/BSP/STM32746G-Discovery/stm32746g_discovery.c:681:6:AUDIO_IO_Init	0	static
../Drivers/BSP/STM32746G-Discovery/stm32746g_discovery.c:690:6:AUDIO_IO_DeInit	0	static
../Drivers/BSP/STM32746G-Discovery/stm32746g_discovery.c:701:6:AUDIO_IO_Write	24	static
../Drivers/BSP/STM32746G-Discovery/stm32746g_discovery.c:718:10:AUDIO_IO_Read	24	static
../Drivers/BSP/STM32746G-Discovery/stm32746g_discovery.c:738:6:AUDIO_IO_Delay	0	static
../Drivers/BSP/STM32746G-Discovery/stm32746g_discovery.c:749:6:CAMERA_IO_Init	0	static
../Drivers/BSP/STM32746G-Discovery/stm32746g_discovery.c:761:6:CAMERA_IO_Write	24	static
../Drivers/BSP/STM32746G-Discovery/stm32746g_discovery.c:772:9:CAMERA_IO_Read	24	static
../Drivers/BSP/STM32746G-Discovery/stm32746g_discovery.c:786:6:CAMERA_Delay	0	static
../Drivers/BSP/STM32746G-Discovery/stm32746g_discovery.c:797:6:EEPROM_IO_Init	0	static
../Drivers/BSP/STM32746G-Discovery/stm32746g_discovery.c:810:19:EEPROM_IO_WriteData	16	static
../Drivers/BSP/STM32746G-Discovery/stm32746g_discovery.c:823:19:EEPROM_IO_ReadData	16	static
../Drivers/BSP/STM32746G-Discovery/stm32746g_discovery.c:835:19:EEPROM_IO_IsDeviceReady	0	static
../Drivers/BSP/STM32746G-Discovery/stm32746g_discovery.c:846:6:TS_IO_Init	0	static
../Drivers/BSP/STM32746G-Discovery/stm32746g_discovery.c:858:6:TS_IO_Write	24	static
../Drivers/BSP/STM32746G-Discovery/stm32746g_discovery.c:869:9:TS_IO_Read	24	static
../Drivers/BSP/STM32746G-Discovery/stm32746g_discovery.c:883:6:TS_IO_Delay	0	static
