Archive member included to satisfy reference by file (symbol)

/home/docker/STM32Cube/Repository/Packs/STMicroelectronics/X-CUBE-AI/1.0.0/Middlewares/ST/AI/Lib/GCC/ARMCortexM7/NetworkRuntime910_CM7_GCC.a(ai_platform.o)
                              network.o (ai_buffer_array_item_set_address)
/home/docker/STM32Cube/Repository/Packs/STMicroelectronics/X-CUBE-AI/1.0.0/Middlewares/ST/AI/Lib/GCC/ARMCortexM7/NetworkRuntime910_CM7_GCC.a(ai_platform_interface.o)
                              network.o (ai_platform_get_weights_map)
/home/docker/STM32Cube/Repository/Packs/STMicroelectronics/X-CUBE-AI/1.0.0/Middlewares/ST/AI/Lib/GCC/ARMCortexM7/NetworkRuntime910_CM7_GCC.a(core_common.o)
                              /home/docker/STM32Cube/Repository/Packs/STMicroelectronics/X-CUBE-AI/1.0.0/Middlewares/ST/AI/Lib/GCC/ARMCortexM7/NetworkRuntime910_CM7_GCC.a(ai_platform_interface.o) (core_init)
/home/docker/STM32Cube/Repository/Packs/STMicroelectronics/X-CUBE-AI/1.0.0/Middlewares/ST/AI/Lib/GCC/ARMCortexM7/NetworkRuntime910_CM7_GCC.a(core_mem_manager.o)
                              /home/docker/STM32Cube/Repository/Packs/STMicroelectronics/X-CUBE-AI/1.0.0/Middlewares/ST/AI/Lib/GCC/ARMCortexM7/NetworkRuntime910_CM7_GCC.a(ai_platform_interface.o) (core_mem_alloc)
/home/docker/STM32Cube/Repository/Packs/STMicroelectronics/X-CUBE-AI/1.0.0/Middlewares/ST/AI/Lib/GCC/ARMCortexM7/NetworkRuntime910_CM7_GCC.a(layers.o)
                              /home/docker/STM32Cube/Repository/Packs/STMicroelectronics/X-CUBE-AI/1.0.0/Middlewares/ST/AI/Lib/GCC/ARMCortexM7/NetworkRuntime910_CM7_GCC.a(ai_platform_interface.o) (ai_check_custom_types)
/home/docker/STM32Cube/Repository/Packs/STMicroelectronics/X-CUBE-AI/1.0.0/Middlewares/ST/AI/Lib/GCC/ARMCortexM7/NetworkRuntime910_CM7_GCC.a(layers_conv2d_generic_float.o)
                              network.o (forward_conv2d_if32of32wf32_nl_pool)
/home/docker/STM32Cube/Repository/Packs/STMicroelectronics/X-CUBE-AI/1.0.0/Middlewares/ST/AI/Lib/GCC/ARMCortexM7/NetworkRuntime910_CM7_GCC.a(layers_nl_generic_float.o)
                              network.o (forward_sigmoid)
/home/docker/STM32Cube/Repository/Packs/STMicroelectronics/X-CUBE-AI/1.0.0/Middlewares/ST/AI/Lib/GCC/ARMCortexM7/NetworkRuntime910_CM7_GCC.a(layers_conv2d_integer_scratch.o)
                              /home/docker/STM32Cube/Repository/Packs/STMicroelectronics/X-CUBE-AI/1.0.0/Middlewares/ST/AI/Lib/GCC/ARMCortexM7/NetworkRuntime910_CM7_GCC.a(layers.o) (get_conv2d_scratch_size)
/home/docker/STM32Cube/Repository/Packs/STMicroelectronics/X-CUBE-AI/1.0.0/Middlewares/ST/AI/Lib/GCC/ARMCortexM7/NetworkRuntime910_CM7_GCC.a(forward_lite_conv2d_if32of32wf32.o)
                              /home/docker/STM32Cube/Repository/Packs/STMicroelectronics/X-CUBE-AI/1.0.0/Middlewares/ST/AI/Lib/GCC/ARMCortexM7/NetworkRuntime910_CM7_GCC.a(layers_conv2d_generic_float.o) (forward_lite_conv2d_if32of32wf32)
/home/docker/STM32Cube/Repository/Packs/STMicroelectronics/X-CUBE-AI/1.0.0/Middlewares/ST/AI/Lib/GCC/ARMCortexM7/NetworkRuntime910_CM7_GCC.a(lite_nl_softmax_if32of32.o)
                              /home/docker/STM32Cube/Repository/Packs/STMicroelectronics/X-CUBE-AI/1.0.0/Middlewares/ST/AI/Lib/GCC/ARMCortexM7/NetworkRuntime910_CM7_GCC.a(layers_nl_generic_float.o) (forward_lite_nl_softmax_if32of32_kernel)
/home/docker/STM32Cube/Repository/Packs/STMicroelectronics/X-CUBE-AI/1.0.0/Middlewares/ST/AI/Lib/GCC/ARMCortexM7/NetworkRuntime910_CM7_GCC.a(lite_nl_relu_if32of32.o)
                              /home/docker/STM32Cube/Repository/Packs/STMicroelectronics/X-CUBE-AI/1.0.0/Middlewares/ST/AI/Lib/GCC/ARMCortexM7/NetworkRuntime910_CM7_GCC.a(layers_nl_generic_float.o) (forward_lite_nl_prelu_if32of32_kernel)
/home/docker/STM32Cube/Repository/Packs/STMicroelectronics/X-CUBE-AI/1.0.0/Middlewares/ST/AI/Lib/GCC/ARMCortexM7/NetworkRuntime910_CM7_GCC.a(forward_lite_pool_f32.o)
                              network.o (pool_func_mp_array_f32)
/home/docker/STM32Cube/Repository/Packs/STMicroelectronics/X-CUBE-AI/1.0.0/Middlewares/ST/AI/Lib/GCC/ARMCortexM7/NetworkRuntime910_CM7_GCC.a(lite_dense_if32.o)
                              /home/docker/STM32Cube/Repository/Packs/STMicroelectronics/X-CUBE-AI/1.0.0/Middlewares/ST/AI/Lib/GCC/ARMCortexM7/NetworkRuntime910_CM7_GCC.a(layers_conv2d_generic_float.o) (lite_decompress_ilutof32)
/home/docker/STM32Cube/Repository/Packs/STMicroelectronics/X-CUBE-AI/1.0.0/Middlewares/ST/AI/Lib/GCC/ARMCortexM7/NetworkRuntime910_CM7_GCC.a(lite_nl_generic_float.o)
                              network.o (forward_lite_nl_relu_if32of32)
/home/docker/STM32Cube/Repository/Packs/STMicroelectronics/X-CUBE-AI/1.0.0/Middlewares/ST/AI/Lib/GCC/ARMCortexM7/NetworkRuntime910_CM7_GCC.a(st_int8_fill.o)
                              /home/docker/STM32Cube/Repository/Packs/STMicroelectronics/X-CUBE-AI/1.0.0/Middlewares/ST/AI/Lib/GCC/ARMCortexM7/NetworkRuntime910_CM7_GCC.a(layers_nl_generic_float.o) (st_int8_fill)
[...]
Memory Configuration

Name             Origin             Length             Attributes
RAM              0x20000000         0x02000000         xrw
FLASH            0x08000000         0x02000000         xr
*default*        0x00000000         0xffffffff

Linker script and memory map

LOAD /opt/st/stm32cubeide_1.15.0/plugins/com.st.stm32cube.ide.mcu.externaltools.gnu-tools-for-stm32.12.3.rel1.linux64_1.0.100.202403111256/tools/bin/../lib/gcc/arm-none-eabi/12.3.1/thumb/v7e-m+fp/hard/crti.o
LOAD /opt/st/stm32cubeide_1.15.0/plugins/com.st.stm32cube.ide.mcu.externaltools.gnu-tools-for-stm32.12.3.rel1.linux64_1.0.100.202403111256/tools/bin/../lib/gcc/arm-none-eabi/12.3.1/thumb/v7e-m+fp/hard/crtbegin.o
LOAD /opt/st/stm32cubeide_1.15.0/plugins/com.st.stm32cube.ide.mcu.externaltools.gnu-tools-for-stm32.12.3.rel1.linux64_1.0.100.202403111256/tools/bin/../lib/gcc/arm-none-eabi/12.3.1/../../../../arm-none-eabi/lib/thumb/v7e-m+fp/hard/crt0.o
START GROUP
LOAD /opt/st/stm32cubeide_1.15.0/plugins/com.st.stm32cube.ide.mcu.externaltools.gnu-tools-for-stm32.12.3.rel1.linux64_1.0.100.202403111256/tools/bin/../lib/gcc/arm-none-eabi/12.3.1/../../../../arm-none-eabi/lib/thumb/v7e-m+fp/hard/libm.a
END GROUP
LOAD network_data_params.o
LOAD syscalls.o
LOAD stedgeai_app_main.o
LOAD sysmem.o
LOAD network_data.o
LOAD startup_stm32xx.o
LOAD network.o
LOAD /home/docker/STM32Cube/Repository/Packs/STMicroelectronics/X-CUBE-AI/1.0.0/Middlewares/ST/AI/Lib/GCC/ARMCortexM7/NetworkRuntime910_CM7_GCC.a
START GROUP
LOAD /opt/st/stm32cubeide_1.15.0/plugins/com.st.stm32cube.ide.mcu.externaltools.gnu-tools-for-stm32.12.3.rel1.linux64_1.0.100.202403111256/tools/bin/../lib/gcc/arm-none-eabi/12.3.1/thumb/v7e-m+fp/hard/libgcc.a
LOAD /opt/st/stm32cubeide_1.15.0/plugins/com.st.stm32cube.ide.mcu.externaltools.gnu-tools-for-stm32.12.3.rel1.linux64_1.0.100.202403111256/tools/bin/../lib/gcc/arm-none-eabi/12.3.1/../../../../arm-none-eabi/lib/thumb/v7e-m+fp/hard/libc_nano.a
END GROUP
START GROUP
LOAD /opt/st/stm32cubeide_1.15.0/plugins/com.st.stm32cube.ide.mcu.externaltools.gnu-tools-for-stm32.12.3.rel1.linux64_1.0.100.202403111256/tools/bin/../lib/gcc/arm-none-eabi/12.3.1/thumb/v7e-m+fp/hard/libgcc.a
LOAD /opt/st/stm32cubeide_1.15.0/plugins/com.st.stm32cube.ide.mcu.externaltools.gnu-tools-for-stm32.12.3.rel1.linux64_1.0.100.202403111256/tools/bin/../lib/gcc/arm-none-eabi/12.3.1/../../../../arm-none-eabi/lib/thumb/v7e-m+fp/hard/libc_nano.a
END GROUP
LOAD /opt/st/stm32cubeide_1.15.0/plugins/com.st.stm32cube.ide.mcu.externaltools.gnu-tools-for-stm32.12.3.rel1.linux64_1.0.100.202403111256/tools/bin/../lib/gcc/arm-none-eabi/12.3.1/thumb/v7e-m+fp/hard/crtend.o
LOAD /opt/st/stm32cubeide_1.15.0/plugins/com.st.stm32cube.ide.mcu.externaltools.gnu-tools-for-stm32.12.3.rel1.linux64_1.0.100.202403111256/tools/bin/../lib/gcc/arm-none-eabi/12.3.1/thumb/v7e-m+fp/hard/crtn.o
                0x21000000                        _estack = 0x21000000
                0x00002000                        _Min_Heap_Size = 0x2000
                0x00001000                        _Min_Stack_Size = 0x1000

.isr_vector     0x08000000       0x40
                0x08000000                        . = ALIGN (0x4)
 *(.isr_vector)
 .isr_vector    0x08000000       0x40 startup_stm32xx.o
                0x08000000                g_pfnVectors
                0x08000040                        . = ALIGN (0x4)

.text           0x08000040     0x32ec
                0x08000040                        . = ALIGN (0x4)
 *(.text)
 .text          0x08000040       0x40 /opt/st/stm32cubeide_1.15.0/plugins/com.st.stm32cube.ide.mcu.externaltools.gnu-tools-for-stm32.12.3.rel1.linux64_1.0.100.202403111256/tools/bin/../lib/gcc/arm-none-eabi/12.3.1/thumb/v7e-m+fp/hard/crtbegin.o
 *(.text*)
 .text.aiInit   0x08000080       0x40 stedgeai_app_main.o
                0x08000080                aiInit
 .text.aiRun    0x080000c0       0x1c stedgeai_app_main.o
                0x080000c0                aiRun
 .text.main_loop
                0x080000dc        0xc stedgeai_app_main.o
                0x080000dc                main_loop
 .text.SystemInit
                0x080000e8        0x2 stedgeai_app_main.o
                0x080000e8                SystemInit
 .text.startup.main
                0x080000ea        0x6 stedgeai_app_main.o
                0x080000ea                main
 .text.ai_network_data_params_get
                0x080000f0       0x30 network_data.o
                0x080000f0                ai_network_data_params_get
 .text.Reset_Handler
                0x08000120       0x50 startup_stm32xx.o
                0x08000120                Reset_Handler
 .text.Default_Handler
                0x08000170        0x2 startup_stm32xx.o
                0x08000170                DebugMon_Handler
                0x08000170                HardFault_Handler
                0x08000170                SysTick_Handler
                0x08000170                PendSV_Handler
                0x08000170                NMI_Handler
                0x08000170                UsageFault_Handler
                0x08000170                Default_Handler
                0x08000170                MemManage_Handler
                0x08000170                SVC_Handler
                0x08000170                BusFault_Handler
 *fill*         0x08000172        0x2 
 .text.ai_network_create
                0x08000174       0x1c network.o
                0x08000174                ai_network_create
 .text.ai_network_inputs_get
                0x08000190       0x14 network.o
                0x08000190                ai_network_inputs_get
 .text.ai_network_outputs_get
                0x080001a4       0x14 network.o
                0x080001a4                ai_network_outputs_get
 .text.ai_network_init
                0x080001b8      0x1a8 network.o
                0x080001b8                ai_network_init
 .text.ai_network_create_and_init
                0x08000360       0x92 network.o
                0x08000360                ai_network_create_and_init
 .text.ai_network_run
                0x080003f2        0x4 network.o
                0x080003f2                ai_network_run
 *fill*         0x080003f6        0x2 
 .text.ai_buffer_get_size
                0x080003f8       0x68 /home/docker/STM32Cube/Repository/Packs/STMicroelectronics/X-CUBE-AI/1.0.0/Middlewares/ST/AI/Lib/GCC/ARMCortexM7/NetworkRuntime910_CM7_GCC.a(ai_platform.o)
                0x080003f8                ai_buffer_get_size
 .text.ai_buffer_array_sane
                0x08000460       0x14 /home/docker/STM32Cube/Repository/Packs/STMicroelectronics/X-CUBE-AI/1.0.0/Middlewares/ST/AI/Lib/GCC/ARMCortexM7/NetworkRuntime910_CM7_GCC.a(ai_platform.o)
                0x08000460                ai_buffer_array_sane
 .text.ai_buffer_array_item_set_address
                0x08000474       0x20 /home/docker/STM32Cube/Repository/Packs/STMicroelectronics/X-CUBE-AI/1.0.0/Middlewares/ST/AI/Lib/GCC/ARMCortexM7/NetworkRuntime910_CM7_GCC.a(ai_platform.o)
                0x08000474                ai_buffer_array_item_set_address
 .text.ai_platform_get_weights_map
                0x08000494       0xb0 /home/docker/STM32Cube/Repository/Packs/STMicroelectronics/X-CUBE-AI/1.0.0/Middlewares/ST/AI/Lib/GCC/ARMCortexM7/NetworkRuntime910_CM7_GCC.a(ai_platform_interface.o)
                0x08000494                ai_platform_get_weights_map
 .text.ai_platform_get_activations_map
                0x08000544       0xb0 /home/docker/STM32Cube/Repository/Packs/STMicroelectronics/X-CUBE-AI/1.0.0/Middlewares/ST/AI/Lib/GCC/ARMCortexM7/NetworkRuntime910_CM7_GCC.a(ai_platform_interface.o)
                0x08000544                ai_platform_get_activations_map
 .text.ai_platform_bind_network_params
                0x080005f4       0x34 /home/docker/STM32Cube/Repository/Packs/STMicroelectronics/X-CUBE-AI/1.0.0/Middlewares/ST/AI/Lib/GCC/ARMCortexM7/NetworkRuntime910_CM7_GCC.a(ai_platform_interface.o)
                0x080005f4                ai_platform_bind_network_params
 .text.ai_platform_network_get_error
                0x08000628       0x18 /home/docker/STM32Cube/Repository/Packs/STMicroelectronics/X-CUBE-AI/1.0.0/Middlewares/ST/AI/Lib/GCC/ARMCortexM7/NetworkRuntime910_CM7_GCC.a(ai_platform_interface.o)
                0x08000628                ai_platform_network_get_error
 .text.ai_platform_network_set_error
                0x08000640        0xc /home/docker/STM32Cube/Repository/Packs/STMicroelectronics/X-CUBE-AI/1.0.0/Middlewares/ST/AI/Lib/GCC/ARMCortexM7/NetworkRuntime910_CM7_GCC.a(ai_platform_interface.o)
                0x08000640                ai_platform_network_set_error
 .text.ai_platform_inputs_get
                0x0800064c       0xf0 /home/docker/STM32Cube/Repository/Packs/STMicroelectronics/X-CUBE-AI/1.0.0/Middlewares/ST/AI/Lib/GCC/ARMCortexM7/NetworkRuntime910_CM7_GCC.a(ai_platform_interface.o)
                0x0800064c                ai_platform_inputs_get
 .text.ai_platform_outputs_get
                0x0800073c       0xec /home/docker/STM32Cube/Repository/Packs/STMicroelectronics/X-CUBE-AI/1.0.0/Middlewares/ST/AI/Lib/GCC/ARMCortexM7/NetworkRuntime910_CM7_GCC.a(ai_platform_interface.o)
                0x0800073c                ai_platform_outputs_get
 .text.ai_platform_network_create
                0x08000828       0x84 /home/docker/STM32Cube/Repository/Packs/STMicroelectronics/X-CUBE-AI/1.0.0/Middlewares/ST/AI/Lib/GCC/ARMCortexM7/NetworkRuntime910_CM7_GCC.a(ai_platform_interface.o)
                0x08000828                ai_platform_network_create
 .text.ai_platform_network_init
                0x080008ac      0x180 /home/docker/STM32Cube/Repository/Packs/STMicroelectronics/X-CUBE-AI/1.0.0/Middlewares/ST/AI/Lib/GCC/ARMCortexM7/NetworkRuntime910_CM7_GCC.a(ai_platform_interface.o)
                0x080008ac                ai_platform_network_init
 .text.ai_platform_network_post_init
                0x08000a2c       0x60 /home/docker/STM32Cube/Repository/Packs/STMicroelectronics/X-CUBE-AI/1.0.0/Middlewares/ST/AI/Lib/GCC/ARMCortexM7/NetworkRuntime910_CM7_GCC.a(ai_platform_interface.o)
                0x08000a2c                ai_platform_network_post_init
 .text.ai_platform_network_process
                0x08000a8c      0x48c /home/docker/STM32Cube/Repository/Packs/STMicroelectronics/X-CUBE-AI/1.0.0/Middlewares/ST/AI/Lib/GCC/ARMCortexM7/NetworkRuntime910_CM7_GCC.a(ai_platform_interface.o)
                0x08000a8c                ai_platform_network_process
 .text.core_init
                0x08000f18        0x4 /home/docker/STM32Cube/Repository/Packs/STMicroelectronics/X-CUBE-AI/1.0.0/Middlewares/ST/AI/Lib/GCC/ARMCortexM7/NetworkRuntime910_CM7_GCC.a(core_common.o)
                0x08000f18                core_init
 .text.core_get_error
                0x08000f1c        0xc /home/docker/STM32Cube/Repository/Packs/STMicroelectronics/X-CUBE-AI/1.0.0/Middlewares/ST/AI/Lib/GCC/ARMCortexM7/NetworkRuntime910_CM7_GCC.a(core_common.o)
                0x08000f1c                core_get_error
 .text.core_set_error
                0x08000f28       0x18 /home/docker/STM32Cube/Repository/Packs/STMicroelectronics/X-CUBE-AI/1.0.0/Middlewares/ST/AI/Lib/GCC/ARMCortexM7/NetworkRuntime910_CM7_GCC.a(core_common.o)
                0x08000f28                core_set_error
 .text.ai_check_custom_types
                0x08000f40       0x50 /home/docker/STM32Cube/Repository/Packs/STMicroelectronics/X-CUBE-AI/1.0.0/Middlewares/ST/AI/Lib/GCC/ARMCortexM7/NetworkRuntime910_CM7_GCC.a(layers.o)
                0x08000f40                ai_check_custom_types
 .text.ai_layers_init_all
                0x08000f90       0x1c /home/docker/STM32Cube/Repository/Packs/STMicroelectronics/X-CUBE-AI/1.0.0/Middlewares/ST/AI/Lib/GCC/ARMCortexM7/NetworkRuntime910_CM7_GCC.a(layers.o)
                0x08000f90                ai_layers_init_all
 .text.ai_layers_post_init_all
                0x08000fac       0x28 /home/docker/STM32Cube/Repository/Packs/STMicroelectronics/X-CUBE-AI/1.0.0/Middlewares/ST/AI/Lib/GCC/ARMCortexM7/NetworkRuntime910_CM7_GCC.a(layers.o)
                0x08000fac                ai_layers_post_init_all
 .text.ai_layers_forward_all
                0x08000fd4       0x90 /home/docker/STM32Cube/Repository/Packs/STMicroelectronics/X-CUBE-AI/1.0.0/Middlewares/ST/AI/Lib/GCC/ARMCortexM7/NetworkRuntime910_CM7_GCC.a(layers.o)
                0x08000fd4                ai_layers_forward_all
 .text.forward_conv2d_if32of32wf32_nl_pool
                0x08001064      0x2e4 /home/docker/STM32Cube/Repository/Packs/STMicroelectronics/X-CUBE-AI/1.0.0/Middlewares/ST/AI/Lib/GCC/ARMCortexM7/NetworkRuntime910_CM7_GCC.a(layers_conv2d_generic_float.o)
                0x08001064                forward_conv2d_if32of32wf32_nl_pool
 .text.forward_dense
                0x08001348       0xfc /home/docker/STM32Cube/Repository/Packs/STMicroelectronics/X-CUBE-AI/1.0.0/Middlewares/ST/AI/Lib/GCC/ARMCortexM7/NetworkRuntime910_CM7_GCC.a(layers_conv2d_generic_float.o)
                0x08001348                forward_dense
 .text.forward_sigmoid
                0x08001444       0x94 /home/docker/STM32Cube/Repository/Packs/STMicroelectronics/X-CUBE-AI/1.0.0/Middlewares/ST/AI/Lib/GCC/ARMCortexM7/NetworkRuntime910_CM7_GCC.a(layers_nl_generic_float.o)
                0x08001444                forward_sigmoid
 .text.forward_relu
                0x080014d8      0x12c /home/docker/STM32Cube/Repository/Packs/STMicroelectronics/X-CUBE-AI/1.0.0/Middlewares/ST/AI/Lib/GCC/ARMCortexM7/NetworkRuntime910_CM7_GCC.a(layers_nl_generic_float.o)
                0x080014d8                forward_relu
 .text.forward_lite_conv2d_if32of32wf32_pool
                0x08001604      0x814 /home/docker/STM32Cube/Repository/Packs/STMicroelectronics/X-CUBE-AI/1.0.0/Middlewares/ST/AI/Lib/GCC/ARMCortexM7/NetworkRuntime910_CM7_GCC.a(forward_lite_conv2d_if32of32wf32.o)
                0x08001604                forward_lite_conv2d_if32of32wf32_pool
 .text.forward_lite_nl_relu_generic_if32of32_kernel
                0x08001e18      0x10c /home/docker/STM32Cube/Repository/Packs/STMicroelectronics/X-CUBE-AI/1.0.0/Middlewares/ST/AI/Lib/GCC/ARMCortexM7/NetworkRuntime910_CM7_GCC.a(lite_nl_relu_if32of32.o)
                0x08001e18                forward_lite_nl_relu_generic_if32of32_kernel
 .text.pool_func_mp_array_f32
                0x08001f24      0x3f0 /home/docker/STM32Cube/Repository/Packs/STMicroelectronics/X-CUBE-AI/1.0.0/Middlewares/ST/AI/Lib/GCC/ARMCortexM7/NetworkRuntime910_CM7_GCC.a(forward_lite_pool_f32.o)
                0x08001f24                pool_func_mp_array_f32
 .text.forward_lite_dense_if32of32wf32
                0x08002314      0x2bc /home/docker/STM32Cube/Repository/Packs/STMicroelectronics/X-CUBE-AI/1.0.0/Middlewares/ST/AI/Lib/GCC/ARMCortexM7/NetworkRuntime910_CM7_GCC.a(lite_dense_if32.o)
                0x08002314                forward_lite_dense_if32of32wf32
 .text.forward_lite_dense_if32of32wf32_lut4
                0x080025d0      0x254 /home/docker/STM32Cube/Repository/Packs/STMicroelectronics/X-CUBE-AI/1.0.0/Middlewares/ST/AI/Lib/GCC/ARMCortexM7/NetworkRuntime910_CM7_GCC.a(lite_dense_if32.o)
                0x080025d0                forward_lite_dense_if32of32wf32_lut4
 .text.forward_lite_dense_if32of32wf32_lut8
                0x08002824      0x560 /home/docker/STM32Cube/Repository/Packs/STMicroelectronics/X-CUBE-AI/1.0.0/Middlewares/ST/AI/Lib/GCC/ARMCortexM7/NetworkRuntime910_CM7_GCC.a(lite_dense_if32.o)
                0x08002824                forward_lite_dense_if32of32wf32_lut8
 .text.forward_lite_nl_relu_if32of32
                0x08002d84       0x38 /home/docker/STM32Cube/Repository/Packs/STMicroelectronics/X-CUBE-AI/1.0.0/Middlewares/ST/AI/Lib/GCC/ARMCortexM7/NetworkRuntime910_CM7_GCC.a(lite_nl_generic_float.o)
                0x08002d84                forward_lite_nl_relu_if32of32
 .text.st_int8_copy
                0x08002dbc      0x110 /home/docker/STM32Cube/Repository/Packs/STMicroelectronics/X-CUBE-AI/1.0.0/Middlewares/ST/AI/Lib/GCC/ARMCortexM7/NetworkRuntime910_CM7_GCC.a(st_int8_fill.o)
                0x08002dbc                st_int8_copy
 .text.ai_array_to_buffer_fmt
                0x08002ecc       0xe0 /home/docker/STM32Cube/Repository/Packs/STMicroelectronics/X-CUBE-AI/1.0.0/Middlewares/ST/AI/Lib/GCC/ARMCortexM7/NetworkRuntime910_CM7_GCC.a(ai_datatypes_format.o)
                0x08002ecc                ai_array_to_buffer_fmt
 .text.ai_array_get_byte_size
                0x08002fac       0x50 /home/docker/STM32Cube/Repository/Packs/STMicroelectronics/X-CUBE-AI/1.0.0/Middlewares/ST/AI/Lib/GCC/ARMCortexM7/NetworkRuntime910_CM7_GCC.a(ai_datatypes_format.o)
                0x08002fac                ai_array_get_byte_size
 .text.ai_array_get_data_byte_size
                0x08002ffc       0x24 /home/docker/STM32Cube/Repository/Packs/STMicroelectronics/X-CUBE-AI/1.0.0/Middlewares/ST/AI/Lib/GCC/ARMCortexM7/NetworkRuntime910_CM7_GCC.a(ai_datatypes_format.o)
                0x08002ffc                ai_array_get_data_byte_size
 .text.ai_version_get
                0x08003020        0xc /home/docker/STM32Cube/Repository/Packs/STMicroelectronics/X-CUBE-AI/1.0.0/Middlewares/ST/AI/Lib/GCC/ARMCortexM7/NetworkRuntime910_CM7_GCC.a(ai_datatypes_internal.o)
                0x08003020                ai_version_get
 .text.get_tensor_byte_size
                0x0800302c       0x2c /home/docker/STM32Cube/Repository/Packs/STMicroelectronics/X-CUBE-AI/1.0.0/Middlewares/ST/AI/Lib/GCC/ARMCortexM7/NetworkRuntime910_CM7_GCC.a(ai_datatypes_internal.o)
                0x0800302c                get_tensor_byte_size
 .text.__errno  0x08003058        0xc /opt/st/stm32cubeide_1.15.0/plugins/com.st.stm32cube.ide.mcu.externaltools.gnu-tools-for-stm32.12.3.rel1.linux64_1.0.100.202403111256/tools/bin/../lib/gcc/arm-none-eabi/12.3.1/../../../../arm-none-eabi/lib/thumb/v7e-m+fp/hard/libc_nano.a(libc_a-errno.o)
                0x08003058                __errno
 .text.__libc_init_array
                0x08003064       0x48 /opt/st/stm32cubeide_1.15.0/plugins/com.st.stm32cube.ide.mcu.externaltools.gnu-tools-for-stm32.12.3.rel1.linux64_1.0.100.202403111256/tools/bin/../lib/gcc/arm-none-eabi/12.3.1/../../../../arm-none-eabi/lib/thumb/v7e-m+fp/hard/libc_nano.a(libc_a-init.o)
                0x08003064                __libc_init_array
 .text.expf     0x080030ac       0x6c /opt/st/stm32cubeide_1.15.0/plugins/com.st.stm32cube.ide.mcu.externaltools.gnu-tools-for-stm32.12.3.rel1.linux64_1.0.100.202403111256/tools/bin/../lib/gcc/arm-none-eabi/12.3.1/../../../../arm-none-eabi/lib/thumb/v7e-m+fp/hard/libm.a(libm_a-wf_exp.o)
                0x080030ac                expf
 .text.finitef  0x08003118       0x14 /opt/st/stm32cubeide_1.15.0/plugins/com.st.stm32cube.ide.mcu.externaltools.gnu-tools-for-stm32.12.3.rel1.linux64_1.0.100.202403111256/tools/bin/../lib/gcc/arm-none-eabi/12.3.1/../../../../arm-none-eabi/lib/thumb/v7e-m+fp/hard/libm.a(libm_a-sf_finite.o)
                0x08003118                finitef
 .text.with_errnof
                0x0800312c       0x1c /opt/st/stm32cubeide_1.15.0/plugins/com.st.stm32cube.ide.mcu.externaltools.gnu-tools-for-stm32.12.3.rel1.linux64_1.0.100.202403111256/tools/bin/../lib/gcc/arm-none-eabi/12.3.1/../../../../arm-none-eabi/lib/thumb/v7e-m+fp/hard/libm.a(libm_a-math_errf.o)
 .text.xflowf   0x08003148       0x16 /opt/st/stm32cubeide_1.15.0/plugins/com.st.stm32cube.ide.mcu.externaltools.gnu-tools-for-stm32.12.3.rel1.linux64_1.0.100.202403111256/tools/bin/../lib/gcc/arm-none-eabi/12.3.1/../../../../arm-none-eabi/lib/thumb/v7e-m+fp/hard/libm.a(libm_a-math_errf.o)
 *fill*         0x0800315e        0x2 
 .text.__math_uflowf
                0x08003160        0xc /opt/st/stm32cubeide_1.15.0/plugins/com.st.stm32cube.ide.mcu.externaltools.gnu-tools-for-stm32.12.3.rel1.linux64_1.0.100.202403111256/tools/bin/../lib/gcc/arm-none-eabi/12.3.1/../../../../arm-none-eabi/lib/thumb/v7e-m+fp/hard/libm.a(libm_a-math_errf.o)
                0x08003160                __math_uflowf
 .text.__math_oflowf
                0x0800316c        0xc /opt/st/stm32cubeide_1.15.0/plugins/com.st.stm32cube.ide.mcu.externaltools.gnu-tools-for-stm32.12.3.rel1.linux64_1.0.100.202403111256/tools/bin/../lib/gcc/arm-none-eabi/12.3.1/../../../../arm-none-eabi/lib/thumb/v7e-m+fp/hard/libm.a(libm_a-math_errf.o)
                0x0800316c                __math_oflowf
 .text.__ieee754_expf
                0x08003178      0x19c /opt/st/stm32cubeide_1.15.0/plugins/com.st.stm32cube.ide.mcu.externaltools.gnu-tools-for-stm32.12.3.rel1.linux64_1.0.100.202403111256/tools/bin/../lib/gcc/arm-none-eabi/12.3.1/../../../../arm-none-eabi/lib/thumb/v7e-m+fp/hard/libm.a(libm_a-ef_exp.o)
                0x08003178                __ieee754_expf
 *(.glue_7)
 .glue_7        0x08003314        0x0 linker stubs
 *(.glue_7t)
 .glue_7t       0x08003314        0x0 linker stubs
 *(.eh_frame)
 .eh_frame      0x08003314        0x0 /opt/st/stm32cubeide_1.15.0/plugins/com.st.stm32cube.ide.mcu.externaltools.gnu-tools-for-stm32.12.3.rel1.linux64_1.0.100.202403111256/tools/bin/../lib/gcc/arm-none-eabi/12.3.1/thumb/v7e-m+fp/hard/crtbegin.o
 *(.init)
 .init          0x08003314        0x4 /opt/st/stm32cubeide_1.15.0/plugins/com.st.stm32cube.ide.mcu.externaltools.gnu-tools-for-stm32.12.3.rel1.linux64_1.0.100.202403111256/tools/bin/../lib/gcc/arm-none-eabi/12.3.1/thumb/v7e-m+fp/hard/crti.o
                0x08003314                _init
 .init          0x08003318        0x8 /opt/st/stm32cubeide_1.15.0/plugins/com.st.stm32cube.ide.mcu.externaltools.gnu-tools-for-stm32.12.3.rel1.linux64_1.0.100.202403111256/tools/bin/../lib/gcc/arm-none-eabi/12.3.1/thumb/v7e-m+fp/hard/crtn.o
 *(.fini)
 .fini          0x08003320        0x4 /opt/st/stm32cubeide_1.15.0/plugins/com.st.stm32cube.ide.mcu.externaltools.gnu-tools-for-stm32.12.3.rel1.linux64_1.0.100.202403111256/tools/bin/../lib/gcc/arm-none-eabi/12.3.1/thumb/v7e-m+fp/hard/crti.o
                0x08003320                _fini
 .fini          0x08003324        0x8 /opt/st/stm32cubeide_1.15.0/plugins/com.st.stm32cube.ide.mcu.externaltools.gnu-tools-for-stm32.12.3.rel1.linux64_1.0.100.202403111256/tools/bin/../lib/gcc/arm-none-eabi/12.3.1/thumb/v7e-m+fp/hard/crtn.o
                0x0800332c                        . = ALIGN (0x4)
                0x0800332c                        _etext = .

.vfp11_veneer   0x0800332c        0x0
 .vfp11_veneer  0x0800332c        0x0 linker stubs

.v4_bx          0x0800332c        0x0
 .v4_bx         0x0800332c        0x0 linker stubs

.iplt           0x0800332c        0x0
 .iplt          0x0800332c        0x0 /opt/st/stm32cubeide_1.15.0/plugins/com.st.stm32cube.ide.mcu.externaltools.gnu-tools-for-stm32.12.3.rel1.linux64_1.0.100.202403111256/tools/bin/../lib/gcc/arm-none-eabi/12.3.1/thumb/v7e-m+fp/hard/crtbegin.o

.rodata         0x08003340   0x31a308
                0x08003340                        . = ALIGN (0x4)
 *(.rodata)
 .rodata        0x08003340       0x10 network_data.o
 *(.rodata*)
 *fill*         0x08003350       0x10 
 .rodata.s_network_dense_7_dense_bias_array_u64
                0x08003360        0x8 network_data_params.o
                0x08003360                s_network_dense_7_dense_bias_array_u64
 *fill*         0x08003368       0x18 
 .rodata.s_network_dense_7_dense_weights_array_u64
                0x08003380      0x200 network_data_params.o
                0x08003380                s_network_dense_7_dense_weights_array_u64
 .rodata.s_network_dense_6_dense_bias_array_u64
                0x08003580      0x200 network_data_params.o
                0x08003580                s_network_dense_6_dense_bias_array_u64
 .rodata.s_network_dense_6_dense_weights_array_u64
                0x08003780   0x310000 network_data_params.o
                0x08003780                s_network_dense_6_dense_weights_array_u64
 .rodata.s_network_conv2d_7_conv2d_bias_array_u64
                0x08313780       0x80 network_data_params.o
                0x08313780                s_network_conv2d_7_conv2d_bias_array_u64
 .rodata.s_network_conv2d_7_conv2d_weights_array_u64
                0x08313800     0x9000 network_data_params.o
                0x08313800                s_network_conv2d_7_conv2d_weights_array_u64
 .rodata.s_network_conv2d_6_conv2d_bias_array_u64
                0x0831c800       0x80 network_data_params.o
                0x0831c800                s_network_conv2d_6_conv2d_bias_array_u64
 .rodata.s_network_conv2d_6_conv2d_weights_array_u64
                0x0831c880      0xd80 network_data_params.o
                0x0831c880                s_network_conv2d_6_conv2d_weights_array_u64
 .rodata.conv2d_6_conv2d_chain
                0x0831d600        0x8 network.o
 .rodata.conv2d_7_conv2d_chain
                0x0831d608        0x8 network.o
 .rodata.dense_6_dense_chain
                0x0831d610        0x8 network.o
 .rodata.dense_6_chain
                0x0831d618        0x8 network.o
 .rodata.dense_7_dense_chain
                0x0831d620        0x8 network.o
 .rodata.dense_7_chain
                0x0831d628        0x8 network.o
 .rodata.ln2LO  0x0831d630        0x8 /opt/st/stm32cubeide_1.15.0/plugins/com.st.stm32cube.ide.mcu.externaltools.gnu-tools-for-stm32.12.3.rel1.linux64_1.0.100.202403111256/tools/bin/../lib/gcc/arm-none-eabi/12.3.1/../../../../arm-none-eabi/lib/thumb/v7e-m+fp/hard/libm.a(libm_a-ef_exp.o)
 .rodata.ln2HI  0x0831d638        0x8 /opt/st/stm32cubeide_1.15.0/plugins/com.st.stm32cube.ide.mcu.externaltools.gnu-tools-for-stm32.12.3.rel1.linux64_1.0.100.202403111256/tools/bin/../lib/gcc/arm-none-eabi/12.3.1/../../../../arm-none-eabi/lib/thumb/v7e-m+fp/hard/libm.a(libm_a-ef_exp.o)
 .rodata.halF   0x0831d640        0x8 /opt/st/stm32cubeide_1.15.0/plugins/com.st.stm32cube.ide.mcu.externaltools.gnu-tools-for-stm32.12.3.rel1.linux64_1.0.100.202403111256/tools/bin/../lib/gcc/arm-none-eabi/12.3.1/../../../../arm-none-eabi/lib/thumb/v7e-m+fp/hard/libm.a(libm_a-ef_exp.o)
                0x0831d648                        . = ALIGN (0x4)

.rel.dyn        0x0831d648        0x0
 .rel.iplt      0x0831d648        0x0 /opt/st/stm32cubeide_1.15.0/plugins/com.st.stm32cube.ide.mcu.externaltools.gnu-tools-for-stm32.12.3.rel1.linux64_1.0.100.202403111256/tools/bin/../lib/gcc/arm-none-eabi/12.3.1/thumb/v7e-m+fp/hard/crtbegin.o

.ARM.extab      0x0831d648        0x0
                0x0831d648                        . = ALIGN (0x4)
 *(.ARM.extab* .gnu.linkonce.armextab.*)
                0x0831d648                        . = ALIGN (0x4)

.ARM            0x0831d648        0x0
                0x0831d648                        . = ALIGN (0x4)
                0x0831d648                        __exidx_start = .
 *(.ARM.exidx*)
                0x0831d648                        __exidx_end = .
                0x0831d648                        . = ALIGN (0x4)

.preinit_array  0x0831d648        0x0
                0x0831d648                        . = ALIGN (0x4)
                0x0831d648                        PROVIDE (__preinit_array_start = .)
 *(.preinit_array*)
                0x0831d648                        PROVIDE (__preinit_array_end = .)
                0x0831d648                        . = ALIGN (0x4)

.init_array     0x0831d648        0x4
                0x0831d648                        . = ALIGN (0x4)
                0x0831d648                        PROVIDE (__init_array_start = .)
 *(SORT_BY_NAME(.init_array.*))
 *(.init_array*)
 .init_array    0x0831d648        0x4 /opt/st/stm32cubeide_1.15.0/plugins/com.st.stm32cube.ide.mcu.externaltools.gnu-tools-for-stm32.12.3.rel1.linux64_1.0.100.202403111256/tools/bin/../lib/gcc/arm-none-eabi/12.3.1/thumb/v7e-m+fp/hard/crtbegin.o
                0x0831d64c                        PROVIDE (__init_array_end = .)
                0x0831d64c                        . = ALIGN (0x4)

.fini_array     0x0831d64c        0x4
                0x0831d64c                        . = ALIGN (0x4)
                [!provide]                        PROVIDE (__fini_array_start = .)
 *(SORT_BY_NAME(.fini_array.*))
 *(.fini_array*)
 .fini_array    0x0831d64c        0x4 /opt/st/stm32cubeide_1.15.0/plugins/com.st.stm32cube.ide.mcu.externaltools.gnu-tools-for-stm32.12.3.rel1.linux64_1.0.100.202403111256/tools/bin/../lib/gcc/arm-none-eabi/12.3.1/thumb/v7e-m+fp/hard/crtbegin.o
                [!provide]                        PROVIDE (__fini_array_end = .)
                0x0831d650                        . = ALIGN (0x4)
                0x0831d650                        _sidata = LOADADDR (.data)

.data           0x20000000      0xb58 load address 0x0831d650
                0x20000000                        . = ALIGN (0x4)
                0x20000000                        _sdata = .
 *(.data)
 *(.data*)
 .data.g_network_data_map_weights
                0x20000000       0xe0 network_data.o
                0x20000000                g_network_data_map_weights
 .data.__compound_literal.8
                0x200000e0       0x10 network_data.o
 .data.__compound_literal.7
                0x200000f0       0x10 network_data.o
 .data.__compound_literal.6
                0x20000100       0x10 network_data.o
 .data.__compound_literal.5
                0x20000110       0x10 network_data.o
 .data.__compound_literal.4
                0x20000120       0x10 network_data.o
 .data.__compound_literal.3
                0x20000130       0x10 network_data.o
 .data.__compound_literal.2
                0x20000140       0x10 network_data.o
 .data.__compound_literal.1
                0x20000150       0x10 network_data.o
 .data.g_network_data_map_activations
                0x20000160       0x1c network_data.o
                0x20000160                g_network_data_map_activations
 .data.__compound_literal.0
                0x2000017c       0x10 network_data.o
 .data.g_network
                0x2000018c       0x4c network.o
 .data.__compound_literal.88
                0x200001d8       0x18 network.o
 .data.__compound_literal.87
                0x200001f0        0xc network.o
 .data.__compound_literal.83
                0x200001fc        0x4 network.o
 .data.__compound_literal.82
                0x20000200        0xc network.o
 .data.__compound_literal.78
                0x2000020c        0x4 network.o
 .data.__compound_literal.77
                0x20000210       0x1c network.o
 .data.__compound_literal.76
                0x2000022c       0x10 network.o
 .data.__compound_literal.75
                0x2000023c       0x1c network.o
 .data.__compound_literal.74
                0x20000258       0x10 network.o
 .data.conv2d_6_conv2d_layer
                0x20000268       0x60 network.o
 .data.__compound_literal.71
                0x200002c8       0x30 network.o
 .data.__compound_literal.70
                0x200002f8        0x8 network.o
 .data.__compound_literal.69
                0x20000300        0xc network.o
 .data.__compound_literal.68
                0x2000030c        0x4 network.o
 .data.__compound_literal.67
                0x20000310        0x4 network.o
 .data.conv2d_7_conv2d_layer
                0x20000314       0x60 network.o
 .data.__compound_literal.64
                0x20000374       0x30 network.o
 .data.__compound_literal.63
                0x200003a4        0x8 network.o
 .data.__compound_literal.62
                0x200003ac        0xc network.o
 .data.__compound_literal.61
                0x200003b8        0x4 network.o
 .data.__compound_literal.60
                0x200003bc        0x4 network.o
 .data.dense_6_dense_layer
                0x200003c0       0x1c network.o
 .data.__compound_literal.59
                0x200003dc       0x30 network.o
 .data.__compound_literal.57
                0x2000040c        0x8 network.o
 .data.__compound_literal.56
                0x20000414        0x4 network.o
 .data.__compound_literal.55
                0x20000418        0x4 network.o
 .data.dense_6_layer
                0x2000041c       0x20 network.o
 .data.__compound_literal.54
                0x2000043c       0x30 network.o
 .data.__compound_literal.51
                0x2000046c        0x4 network.o
 .data.__compound_literal.50
                0x20000470        0x4 network.o
 .data.dense_7_dense_layer
                0x20000474       0x1c network.o
 .data.__compound_literal.49
                0x20000490       0x30 network.o
 .data.__compound_literal.47
                0x200004c0        0x8 network.o
 .data.__compound_literal.46
                0x200004c8        0x4 network.o
 .data.__compound_literal.45
                0x200004cc        0x4 network.o
 .data.dense_7_layer
                0x200004d0       0x20 network.o
 .data.__compound_literal.44
                0x200004f0       0x30 network.o
 .data.__compound_literal.41
                0x20000520        0x4 network.o
 .data.__compound_literal.40
                0x20000524        0x4 network.o
 .data.conv2d_6_conv2d_scratch0
                0x20000528       0x1c network.o
 .data.__compound_literal.39
                0x20000544       0x10 network.o
 .data.__compound_literal.38
                0x20000554       0x10 network.o
 .data.dense_7_dense_bias
                0x20000564       0x1c network.o
 .data.__compound_literal.37
                0x20000580       0x10 network.o
 .data.__compound_literal.36
                0x20000590       0x10 network.o
 .data.dense_7_dense_weights
                0x200005a0       0x1c network.o
 .data.__compound_literal.35
                0x200005bc       0x10 network.o
 .data.__compound_literal.34
                0x200005cc       0x10 network.o
 .data.dense_6_dense_bias
                0x200005dc       0x1c network.o
 .data.__compound_literal.33
                0x200005f8       0x10 network.o
 .data.__compound_literal.32
                0x20000608       0x10 network.o
 .data.dense_6_dense_weights
                0x20000618       0x1c network.o
 .data.__compound_literal.31
                0x20000634       0x10 network.o
 .data.__compound_literal.30
                0x20000644       0x10 network.o
 .data.conv2d_7_conv2d_bias
                0x20000654       0x1c network.o
 .data.__compound_literal.29
                0x20000670       0x10 network.o
 .data.__compound_literal.28
                0x20000680       0x10 network.o
 .data.conv2d_7_conv2d_weights
                0x20000690       0x1c network.o
 .data.__compound_literal.27
                0x200006ac       0x10 network.o
 .data.__compound_literal.26
                0x200006bc       0x10 network.o
 .data.conv2d_6_conv2d_bias
                0x200006cc       0x1c network.o
 .data.__compound_literal.25
                0x200006e8       0x10 network.o
 .data.__compound_literal.24
                0x200006f8       0x10 network.o
 .data.conv2d_6_conv2d_weights
                0x20000708       0x1c network.o
 .data.__compound_literal.23
                0x20000724       0x10 network.o
 .data.__compound_literal.22
                0x20000734       0x10 network.o
 .data.dense_7_output
                0x20000744       0x1c network.o
 .data.__compound_literal.21
                0x20000760       0x10 network.o
 .data.__compound_literal.20
                0x20000770       0x10 network.o
 .data.dense_7_dense_output
                0x20000780       0x1c network.o
 .data.__compound_literal.19
                0x2000079c       0x10 network.o
 .data.__compound_literal.18
                0x200007ac       0x10 network.o
 .data.dense_6_output
                0x200007bc       0x1c network.o
 .data.__compound_literal.17
                0x200007d8       0x10 network.o
 .data.__compound_literal.16
                0x200007e8       0x10 network.o
 .data.dense_6_dense_output
                0x200007f8       0x1c network.o
 .data.__compound_literal.15
                0x20000814       0x10 network.o
 .data.__compound_literal.14
                0x20000824       0x10 network.o
 .data.conv2d_7_conv2d_output0
                0x20000834       0x1c network.o
 .data.__compound_literal.13
                0x20000850       0x10 network.o
 .data.__compound_literal.12
                0x20000860       0x10 network.o
 .data.conv2d_7_conv2d_output
                0x20000870       0x1c network.o
 .data.__compound_literal.11
                0x2000088c       0x10 network.o
 .data.__compound_literal.10
                0x2000089c       0x10 network.o
 .data.conv2d_6_conv2d_output
                0x200008ac       0x1c network.o
 .data.__compound_literal.9
                0x200008c8       0x10 network.o
 .data.__compound_literal.8
                0x200008d8       0x10 network.o
 .data.input_0_output
                0x200008e8       0x1c network.o
 .data.__compound_literal.7
                0x20000904       0x10 network.o
 .data.__compound_literal.6
                0x20000914       0x10 network.o
 .data.conv2d_7_conv2d_scratch1
                0x20000924       0x1c network.o
 .data.__compound_literal.5
                0x20000940       0x10 network.o
 .data.__compound_literal.4
                0x20000950       0x10 network.o
 .data.conv2d_7_conv2d_scratch0
                0x20000960       0x1c network.o
 .data.__compound_literal.3
                0x2000097c       0x10 network.o
 .data.__compound_literal.2
                0x2000098c       0x10 network.o
 .data.conv2d_6_conv2d_scratch1
                0x2000099c       0x1c network.o
 .data.__compound_literal.1
                0x200009b8       0x10 network.o
 .data.__compound_literal.0
                0x200009c8       0x10 network.o
 .data.conv2d_7_conv2d_scratch1_array
                0x200009d8       0x10 network.o
 .data.conv2d_7_conv2d_scratch0_array
                0x200009e8       0x10 network.o
 .data.conv2d_6_conv2d_scratch1_array
                0x200009f8       0x10 network.o
 .data.conv2d_6_conv2d_scratch0_array
                0x20000a08       0x10 network.o
 .data.dense_7_dense_bias_array
                0x20000a18       0x10 network.o
 .data.dense_7_dense_weights_array
                0x20000a28       0x10 network.o
 .data.dense_6_dense_bias_array
                0x20000a38       0x10 network.o
 .data.dense_6_dense_weights_array
                0x20000a48       0x10 network.o
 .data.conv2d_7_conv2d_bias_array
                0x20000a58       0x10 network.o
 .data.conv2d_7_conv2d_weights_array
                0x20000a68       0x10 network.o
 .data.conv2d_6_conv2d_bias_array
                0x20000a78       0x10 network.o
 .data.conv2d_6_conv2d_weights_array
                0x20000a88       0x10 network.o
 .data.dense_7_output_array
                0x20000a98       0x10 network.o
 .data.dense_7_dense_output_array
                0x20000aa8       0x10 network.o
 .data.dense_6_output_array
                0x20000ab8       0x10 network.o
 .data.dense_6_dense_output_array
                0x20000ac8       0x10 network.o
 .data.conv2d_7_conv2d_output_array
                0x20000ad8       0x10 network.o
 .data.conv2d_6_conv2d_output_array
                0x20000ae8       0x10 network.o
 .data.input_0_output_array
                0x20000af8       0x10 network.o
 .data._impure_ptr
                0x20000b08        0x4 /opt/st/stm32cubeide_1.15.0/plugins/com.st.stm32cube.ide.mcu.externaltools.gnu-tools-for-stm32.12.3.rel1.linux64_1.0.100.202403111256/tools/bin/../lib/gcc/arm-none-eabi/12.3.1/../../../../arm-none-eabi/lib/thumb/v7e-m+fp/hard/libc_nano.a(libc_a-impure.o)
                0x20000b08                _impure_ptr
 .data._impure_data
                0x20000b0c       0x4c /opt/st/stm32cubeide_1.15.0/plugins/com.st.stm32cube.ide.mcu.externaltools.gnu-tools-for-stm32.12.3.rel1.linux64_1.0.100.202403111256/tools/bin/../lib/gcc/arm-none-eabi/12.3.1/../../../../arm-none-eabi/lib/thumb/v7e-m+fp/hard/libc_nano.a(libc_a-impure.o)
                0x20000b0c                _impure_data
                0x20000b58                        . = ALIGN (0x4)
                0x20000b58                        _edata = .

.igot.plt       0x20000b58        0x0 load address 0x0831e1a8
 .igot.plt      0x20000b58        0x0 /opt/st/stm32cubeide_1.15.0/plugins/com.st.stm32cube.ide.mcu.externaltools.gnu-tools-for-stm32.12.3.rel1.linux64_1.0.100.202403111256/tools/bin/../lib/gcc/arm-none-eabi/12.3.1/thumb/v7e-m+fp/hard/crtbegin.o
                0x20000b58                        . = ALIGN (0x4)

.bss            0x20000b60    0x24a4c load address 0x0831e1a8
                0x20000b60                        _sbss = .
                0x20000b60                        __bss_start__ = _sbss
 *(.bss)
 .bss           0x20000b60       0x1c /opt/st/stm32cubeide_1.15.0/plugins/com.st.stm32cube.ide.mcu.externaltools.gnu-tools-for-stm32.12.3.rel1.linux64_1.0.100.202403111256/tools/bin/../lib/gcc/arm-none-eabi/12.3.1/thumb/v7e-m+fp/hard/crtbegin.o
 *(.bss*)
 .bss.ai_output
                0x20000b7c        0x4 stedgeai_app_main.o
 .bss.ai_input  0x20000b80        0x4 stedgeai_app_main.o
 *fill*         0x20000b84       0x1c 
 .bss.activations_1
                0x20000ba0    0x247ec stedgeai_app_main.o
 .bss.network   0x2002538c        0x4 stedgeai_app_main.o
 .bss.__compound_literal.86
                0x20025390        0x8 network.o
 .bss.__compound_literal.85
                0x20025398       0x10 network.o
 .bss.__compound_literal.84
                0x200253a8       0x1c network.o
 .bss.__compound_literal.81
                0x200253c4        0x8 network.o
 .bss.__compound_literal.80
                0x200253cc       0x10 network.o
 .bss.__compound_literal.79
                0x200253dc       0x1c network.o
 .bss.__compound_literal.73
                0x200253f8       0x10 network.o
 .bss.__compound_literal.72
                0x20025408       0x10 network.o
 .bss.__compound_literal.66
                0x20025418       0x10 network.o
 .bss.__compound_literal.65
                0x20025428       0x10 network.o
 .bss.__compound_literal.58
                0x20025438        0x4 network.o
 .bss.__compound_literal.53
                0x2002543c        0x4 network.o
 .bss.__compound_literal.52
                0x20025440        0x4 network.o
 .bss.__compound_literal.48
                0x20025444        0x4 network.o
 .bss.__compound_literal.43
                0x20025448        0x4 network.o
 .bss.__compound_literal.42
                0x2002544c        0x4 network.o
 .bss.g_network_weights_map
                0x20025450       0x20 network.o
 .bss.g_network_activations_map
                0x20025470        0x4 network.o
 .bss.__sf      0x20025474      0x138 /opt/st/stm32cubeide_1.15.0/plugins/com.st.stm32cube.ide.mcu.externaltools.gnu-tools-for-stm32.12.3.rel1.linux64_1.0.100.202403111256/tools/bin/../lib/gcc/arm-none-eabi/12.3.1/../../../../arm-none-eabi/lib/thumb/v7e-m+fp/hard/libc_nano.a(libc_a-findfp.o)
                0x20025474                __sf
 *(COMMON)
                0x200255ac                        . = ALIGN (0x4)
                0x200255ac                        _ebss = .
                0x200255ac                        __bss_end__ = _ebss

._user_heap_stack
                0x200255ac     0x3004 load address 0x0831e1a8
                0x200255b0                        . = ALIGN (0x8)
 *fill*         0x200255ac        0x4 
                [!provide]                        PROVIDE (end = .)
                0x200255b0                        PROVIDE (_end = .)
                0x200275b0                        . = (. + _Min_Heap_Size)
 *fill*         0x200255b0     0x2000 
                0x200285b0                        . = (. + _Min_Stack_Size)
 *fill*         0x200275b0     0x1000 
                0x200285b0                        . = ALIGN (0x8)

/DISCARD/
 libc.a(*)
 libm.a(*)
 libgcc.a(*)

.ARM.attributes
                0x00000000       0x30
 *(.ARM.attributes)
 .ARM.attributes
                0x00000000       0x22 /opt/st/stm32cubeide_1.15.0/plugins/com.st.stm32cube.ide.mcu.externaltools.gnu-tools-for-stm32.12.3.rel1.linux64_1.0.100.202403111256/tools/bin/../lib/gcc/arm-none-eabi/12.3.1/thumb/v7e-m+fp/hard/crti.o
 .ARM.attributes
                0x00000022       0x34 /opt/st/stm32cubeide_1.15.0/plugins/com.st.stm32cube.ide.mcu.externaltools.gnu-tools-for-stm32.12.3.rel1.linux64_1.0.100.202403111256/tools/bin/../lib/gcc/arm-none-eabi/12.3.1/thumb/v7e-m+fp/hard/crtbegin.o
 .ARM.attributes
                0x00000056       0x34 network_data_params.o
 .ARM.attributes
                0x0000008a       0x34 stedgeai_app_main.o
 .ARM.attributes
                0x000000be       0x34 network_data.o
 .ARM.attributes
                0x000000f2       0x21 startup_stm32xx.o
 .ARM.attributes
                0x00000113       0x34 network.o
 .ARM.attributes
                0x00000147       0x30 /home/docker/STM32Cube/Repository/Packs/STMicroelectronics/X-CUBE-AI/1.0.0/Middlewares/ST/AI/Lib/GCC/ARMCortexM7/NetworkRuntime910_CM7_GCC.a(ai_platform.o)
 .ARM.attributes
                0x00000177       0x30 /home/docker/STM32Cube/Repository/Packs/STMicroelectronics/X-CUBE-AI/1.0.0/Middlewares/ST/AI/Lib/GCC/ARMCortexM7/NetworkRuntime910_CM7_GCC.a(ai_platform_interface.o)
 .ARM.attributes
                0x000001a7       0x30 /home/docker/STM32Cube/Repository/Packs/STMicroelectronics/X-CUBE-AI/1.0.0/Middlewares/ST/AI/Lib/GCC/ARMCortexM7/NetworkRuntime910_CM7_GCC.a(core_common.o)
 .ARM.attributes
                0x000001d7       0x30 /home/docker/STM32Cube/Repository/Packs/STMicroelectronics/X-CUBE-AI/1.0.0/Middlewares/ST/AI/Lib/GCC/ARMCortexM7/NetworkRuntime910_CM7_GCC.a(layers.o)
 .ARM.attributes
                0x00000207       0x30 /home/docker/STM32Cube/Repository/Packs/STMicroelectronics/X-CUBE-AI/1.0.0/Middlewares/ST/AI/Lib/GCC/ARMCortexM7/NetworkRuntime910_CM7_GCC.a(layers_conv2d_generic_float.o)
 .ARM.attributes
                0x00000237       0x30 /home/docker/STM32Cube/Repository/Packs/STMicroelectronics/X-CUBE-AI/1.0.0/Middlewares/ST/AI/Lib/GCC/ARMCortexM7/NetworkRuntime910_CM7_GCC.a(layers_nl_generic_float.o)
 .ARM.attributes
                0x00000267       0x30 /home/docker/STM32Cube/Repository/Packs/STMicroelectronics/X-CUBE-AI/1.0.0/Middlewares/ST/AI/Lib/GCC/ARMCortexM7/NetworkRuntime910_CM7_GCC.a(forward_lite_conv2d_if32of32wf32.o)
 .ARM.attributes
                0x00000297       0x30 /home/docker/STM32Cube/Repository/Packs/STMicroelectronics/X-CUBE-AI/1.0.0/Middlewares/ST/AI/Lib/GCC/ARMCortexM7/NetworkRuntime910_CM7_GCC.a(lite_nl_relu_if32of32.o)
 .ARM.attributes
                0x000002c7       0x30 /home/docker/STM32Cube/Repository/Packs/STMicroelectronics/X-CUBE-AI/1.0.0/Middlewares/ST/AI/Lib/GCC/ARMCortexM7/NetworkRuntime910_CM7_GCC.a(forward_lite_pool_f32.o)
 .ARM.attributes
                0x000002f7       0x30 /home/docker/STM32Cube/Repository/Packs/STMicroelectronics/X-CUBE-AI/1.0.0/Middlewares/ST/AI/Lib/GCC/ARMCortexM7/NetworkRuntime910_CM7_GCC.a(lite_dense_if32.o)
 .ARM.attributes
                0x00000327       0x30 /home/docker/STM32Cube/Repository/Packs/STMicroelectronics/X-CUBE-AI/1.0.0/Middlewares/ST/AI/Lib/GCC/ARMCortexM7/NetworkRuntime910_CM7_GCC.a(lite_nl_generic_float.o)
 .ARM.attributes
                0x00000357       0x30 /home/docker/STM32Cube/Repository/Packs/STMicroelectronics/X-CUBE-AI/1.0.0/Middlewares/ST/AI/Lib/GCC/ARMCortexM7/NetworkRuntime910_CM7_GCC.a(st_int8_fill.o)
 .ARM.attributes
                0x00000387       0x30 /home/docker/STM32Cube/Repository/Packs/STMicroelectronics/X-CUBE-AI/1.0.0/Middlewares/ST/AI/Lib/GCC/ARMCortexM7/NetworkRuntime910_CM7_GCC.a(ai_datatypes_format.o)
 .ARM.attributes
                0x000003b7       0x30 /home/docker/STM32Cube/Repository/Packs/STMicroelectronics/X-CUBE-AI/1.0.0/Middlewares/ST/AI/Lib/GCC/ARMCortexM7/NetworkRuntime910_CM7_GCC.a(ai_datatypes_internal.o)
 .ARM.attributes
                0x000003e7       0x34 /opt/st/stm32cubeide_1.15.0/plugins/com.st.stm32cube.ide.mcu.externaltools.gnu-tools-for-stm32.12.3.rel1.linux64_1.0.100.202403111256/tools/bin/../lib/gcc/arm-none-eabi/12.3.1/../../../../arm-none-eabi/lib/thumb/v7e-m+fp/hard/libc_nano.a(libc_a-findfp.o)
 .ARM.attributes
                0x0000041b       0x34 /opt/st/stm32cubeide_1.15.0/plugins/com.st.stm32cube.ide.mcu.externaltools.gnu-tools-for-stm32.12.3.rel1.linux64_1.0.100.202403111256/tools/bin/../lib/gcc/arm-none-eabi/12.3.1/../../../../arm-none-eabi/lib/thumb/v7e-m+fp/hard/libc_nano.a(libc_a-impure.o)
 .ARM.attributes
                0x0000044f       0x34 /opt/st/stm32cubeide_1.15.0/plugins/com.st.stm32cube.ide.mcu.externaltools.gnu-tools-for-stm32.12.3.rel1.linux64_1.0.100.202403111256/tools/bin/../lib/gcc/arm-none-eabi/12.3.1/../../../../arm-none-eabi/lib/thumb/v7e-m+fp/hard/libc_nano.a(libc_a-errno.o)
 .ARM.attributes
                0x00000483       0x34 /opt/st/stm32cubeide_1.15.0/plugins/com.st.stm32cube.ide.mcu.externaltools.gnu-tools-for-stm32.12.3.rel1.linux64_1.0.100.202403111256/tools/bin/../lib/gcc/arm-none-eabi/12.3.1/../../../../arm-none-eabi/lib/thumb/v7e-m+fp/hard/libc_nano.a(libc_a-init.o)
 .ARM.attributes
                0x000004b7       0x22 /opt/st/stm32cubeide_1.15.0/plugins/com.st.stm32cube.ide.mcu.externaltools.gnu-tools-for-stm32.12.3.rel1.linux64_1.0.100.202403111256/tools/bin/../lib/gcc/arm-none-eabi/12.3.1/thumb/v7e-m+fp/hard/crtn.o
 .ARM.attributes
                0x000004d9       0x34 /opt/st/stm32cubeide_1.15.0/plugins/com.st.stm32cube.ide.mcu.externaltools.gnu-tools-for-stm32.12.3.rel1.linux64_1.0.100.202403111256/tools/bin/../lib/gcc/arm-none-eabi/12.3.1/../../../../arm-none-eabi/lib/thumb/v7e-m+fp/hard/libm.a(libm_a-wf_exp.o)
 .ARM.attributes
                0x0000050d       0x34 /opt/st/stm32cubeide_1.15.0/plugins/com.st.stm32cube.ide.mcu.externaltools.gnu-tools-for-stm32.12.3.rel1.linux64_1.0.100.202403111256/tools/bin/../lib/gcc/arm-none-eabi/12.3.1/../../../../arm-none-eabi/lib/thumb/v7e-m+fp/hard/libm.a(libm_a-sf_finite.o)
 .ARM.attributes
                0x00000541       0x34 /opt/st/stm32cubeide_1.15.0/plugins/com.st.stm32cube.ide.mcu.externaltools.gnu-tools-for-stm32.12.3.rel1.linux64_1.0.100.202403111256/tools/bin/../lib/gcc/arm-none-eabi/12.3.1/../../../../arm-none-eabi/lib/thumb/v7e-m+fp/hard/libm.a(libm_a-math_errf.o)
 .ARM.attributes
                0x00000575       0x34 /opt/st/stm32cubeide_1.15.0/plugins/com.st.stm32cube.ide.mcu.externaltools.gnu-tools-for-stm32.12.3.rel1.linux64_1.0.100.202403111256/tools/bin/../lib/gcc/arm-none-eabi/12.3.1/../../../../arm-none-eabi/lib/thumb/v7e-m+fp/hard/libm.a(libm_a-ef_exp.o)
OUTPUT(network.elf elf32-littlearm)
LOAD linker stubs
LOAD /opt/st/stm32cubeide_1.15.0/plugins/com.st.stm32cube.ide.mcu.externaltools.gnu-tools-for-stm32.12.3.rel1.linux64_1.0.100.202403111256/tools/bin/../lib/gcc/arm-none-eabi/12.3.1/../../../../arm-none-eabi/lib/thumb/v7e-m+fp/hard/libc.a
LOAD /opt/st/stm32cubeide_1.15.0/plugins/com.st.stm32cube.ide.mcu.externaltools.gnu-tools-for-stm32.12.3.rel1.linux64_1.0.100.202403111256/tools/bin/../lib/gcc/arm-none-eabi/12.3.1/../../../../arm-none-eabi/lib/thumb/v7e-m+fp/hard/libm.a
LOAD /opt/st/stm32cubeide_1.15.0/plugins/com.st.stm32cube.ide.mcu.externaltools.gnu-tools-for-stm32.12.3.rel1.linux64_1.0.100.202403111256/tools/bin/../lib/gcc/arm-none-eabi/12.3.1/thumb/v7e-m+fp/hard/libgcc.a

.debug_info     0x00000000     0x3285
 .debug_info    0x00000000      0x272 network_data_params.o
 .debug_info    0x00000272      0x577 stedgeai_app_main.o
 .debug_info    0x000007e9      0x778 network_data.o
 .debug_info    0x00000f61       0x32 startup_stm32xx.o
 .debug_info    0x00000f93     0x22f2 network.o

.debug_abbrev   0x00000000      0x8f6
 .debug_abbrev  0x00000000       0xec network_data_params.o
 .debug_abbrev  0x000000ec      0x1a4 stedgeai_app_main.o
 .debug_abbrev  0x00000290      0x212 network_data.o
 .debug_abbrev  0x000004a2       0x24 startup_stm32xx.o
 .debug_abbrev  0x000004c6      0x430 network.o

.debug_aranges  0x00000000      0x128
 .debug_aranges
                0x00000000       0x18 network_data_params.o
 .debug_aranges
                0x00000018       0x40 stedgeai_app_main.o
 .debug_aranges
                0x00000058       0x38 network_data.o
 .debug_aranges
                0x00000090       0x28 startup_stm32xx.o
 .debug_aranges
                0x000000b8       0x70 network.o

.debug_macro    0x00000000     0x3484
 .debug_macro   0x00000000       0xf0 network_data_params.o
 .debug_macro   0x000000f0      0xaa2 network_data_params.o
 .debug_macro   0x00000b92       0x22 network_data_params.o
 .debug_macro   0x00000bb4       0x8e network_data_params.o
 .debug_macro   0x00000c42       0x51 network_data_params.o
 .debug_macro   0x00000c93      0x103 network_data_params.o
 .debug_macro   0x00000d96       0x6a network_data_params.o
 .debug_macro   0x00000e00      0x1df network_data_params.o
 .debug_macro   0x00000fdf      0x189 network_data_params.o
 .debug_macro   0x00001168       0x74 network_data_params.o
 .debug_macro   0x000011dc       0x2a network_data_params.o
 .debug_macro   0x00001206       0x3c network_data_params.o
 .debug_macro   0x00001242       0x3a network_data_params.o
 .debug_macro   0x0000127c       0x35 network_data_params.o
 .debug_macro   0x000012b1      0x4cc network_data_params.o
 .debug_macro   0x0000177d       0x46 network_data_params.o
 .debug_macro   0x000017c3       0x22 network_data_params.o
 .debug_macro   0x000017e5      0x32e network_data_params.o
 .debug_macro   0x00001b13       0x70 network_data_params.o
 .debug_macro   0x00001b83      0x1fd stedgeai_app_main.o
 .debug_macro   0x00001d80       0x16 stedgeai_app_main.o
 .debug_macro   0x00001d96       0x9e stedgeai_app_main.o
 .debug_macro   0x00001e34      0x10b stedgeai_app_main.o
 .debug_macro   0x00001f3f       0x16 stedgeai_app_main.o
 .debug_macro   0x00001f55       0x16 stedgeai_app_main.o
 .debug_macro   0x00001f6b       0x20 stedgeai_app_main.o
 .debug_macro   0x00001f8b       0x7c stedgeai_app_main.o
 .debug_macro   0x00002007       0x10 stedgeai_app_main.o
 .debug_macro   0x00002017       0x22 stedgeai_app_main.o
 .debug_macro   0x00002039       0x94 stedgeai_app_main.o
 .debug_macro   0x000020cd       0x76 stedgeai_app_main.o
 .debug_macro   0x00002143       0x10 stedgeai_app_main.o
 .debug_macro   0x00002153      0x200 network_data.o
 .debug_macro   0x00002353       0x16 network_data.o
 .debug_macro   0x00002369       0x10 network_data.o
 .debug_macro   0x00002379       0x22 network_data.o
 .debug_macro   0x0000239b       0x10 network_data.o
 .debug_macro   0x000023ab       0xc6 network_data.o
 .debug_macro   0x00002471      0x229 network_data.o
 .debug_macro   0x0000269a       0x2e network_data.o
 .debug_macro   0x000026c8       0xcf network_data.o
 .debug_macro   0x00002797      0x1e6 network_data.o
 .debug_macro   0x0000297d      0x45b network.o
 .debug_macro   0x00002dd8      0x19b network.o
 .debug_macro   0x00002f73      0x202 network.o
 .debug_macro   0x00003175       0x3a network.o
 .debug_macro   0x000031af       0x2e network.o
 .debug_macro   0x000031dd       0xdc network.o
 .debug_macro   0x000032b9       0x16 network.o
 .debug_macro   0x000032cf       0x4d network.o
 .debug_macro   0x0000331c       0x25 network.o
 .debug_macro   0x00003341       0x12 network.o
 .debug_macro   0x00003353       0x16 network.o
 .debug_macro   0x00003369       0x7c network.o
 .debug_macro   0x000033e5       0x22 network.o
 .debug_macro   0x00003407       0x10 network.o
 .debug_macro   0x00003417       0x11 network.o
 .debug_macro   0x00003428       0x2e network.o
 .debug_macro   0x00003456       0x2e network.o

.debug_line     0x00000000     0x2033
 .debug_line    0x00000000      0x47e network_data_params.o
 .debug_line    0x0000047e      0x66c stedgeai_app_main.o
 .debug_line    0x00000aea      0x64c network_data.o
 .debug_line    0x00001136       0xed startup_stm32xx.o
 .debug_line    0x00001223      0xe10 network.o

.debug_str      0x00000000    0x1450b
 .debug_str     0x00000000     0x7b0f network_data_params.o
                               0x7dbf (size before relaxing)
 .debug_str     0x00007b0f     0x37ab stedgeai_app_main.o
                               0xb3ae (size before relaxing)
 .debug_str     0x0000b2ba     0x42c0 network_data.o
                               0xeb9e (size before relaxing)
 .debug_str     0x0000f57a       0xab startup_stm32xx.o
                                0x100 (size before relaxing)
 .debug_str     0x0000f625     0x4ee6 network.o
                              0x13cca (size before relaxing)

.comment        0x00000000       0x86
 .comment       0x00000000       0x43 network_data_params.o
                                 0x44 (size before relaxing)
 .comment       0x00000043       0x44 stedgeai_app_main.o
 .comment       0x00000043       0x44 network_data.o
 .comment       0x00000043       0x44 network.o
 .comment       0x00000043       0x43 /home/docker/STM32Cube/Repository/Packs/STMicroelectronics/X-CUBE-AI/1.0.0/Middlewares/ST/AI/Lib/GCC/ARMCortexM7/NetworkRuntime910_CM7_GCC.a(ai_platform.o)
                                 0x44 (size before relaxing)
 .comment       0x00000086       0x44 /home/docker/STM32Cube/Repository/Packs/STMicroelectronics/X-CUBE-AI/1.0.0/Middlewares/ST/AI/Lib/GCC/ARMCortexM7/NetworkRuntime910_CM7_GCC.a(ai_platform_interface.o)
 .comment       0x00000086       0x44 /home/docker/STM32Cube/Repository/Packs/STMicroelectronics/X-CUBE-AI/1.0.0/Middlewares/ST/AI/Lib/GCC/ARMCortexM7/NetworkRuntime910_CM7_GCC.a(core_common.o)
 .comment       0x00000086       0x44 /home/docker/STM32Cube/Repository/Packs/STMicroelectronics/X-CUBE-AI/1.0.0/Middlewares/ST/AI/Lib/GCC/ARMCortexM7/NetworkRuntime910_CM7_GCC.a(layers.o)
 .comment       0x00000086       0x44 /home/docker/STM32Cube/Repository/Packs/STMicroelectronics/X-CUBE-AI/1.0.0/Middlewares/ST/AI/Lib/GCC/ARMCortexM7/NetworkRuntime910_CM7_GCC.a(layers_conv2d_generic_float.o)
 .comment       0x00000086       0x44 /home/docker/STM32Cube/Repository/Packs/STMicroelectronics/X-CUBE-AI/1.0.0/Middlewares/ST/AI/Lib/GCC/ARMCortexM7/NetworkRuntime910_CM7_GCC.a(layers_nl_generic_float.o)
 .comment       0x00000086       0x44 /home/docker/STM32Cube/Repository/Packs/STMicroelectronics/X-CUBE-AI/1.0.0/Middlewares/ST/AI/Lib/GCC/ARMCortexM7/NetworkRuntime910_CM7_GCC.a(forward_lite_conv2d_if32of32wf32.o)
 .comment       0x00000086       0x44 /home/docker/STM32Cube/Repository/Packs/STMicroelectronics/X-CUBE-AI/1.0.0/Middlewares/ST/AI/Lib/GCC/ARMCortexM7/NetworkRuntime910_CM7_GCC.a(lite_nl_relu_if32of32.o)
 .comment       0x00000086       0x44 /home/docker/STM32Cube/Repository/Packs/STMicroelectronics/X-CUBE-AI/1.0.0/Middlewares/ST/AI/Lib/GCC/ARMCortexM7/NetworkRuntime910_CM7_GCC.a(forward_lite_pool_f32.o)
 .comment       0x00000086       0x44 /home/docker/STM32Cube/Repository/Packs/STMicroelectronics/X-CUBE-AI/1.0.0/Middlewares/ST/AI/Lib/GCC/ARMCortexM7/NetworkRuntime910_CM7_GCC.a(lite_dense_if32.o)
 .comment       0x00000086       0x44 /home/docker/STM32Cube/Repository/Packs/STMicroelectronics/X-CUBE-AI/1.0.0/Middlewares/ST/AI/Lib/GCC/ARMCortexM7/NetworkRuntime910_CM7_GCC.a(lite_nl_generic_float.o)
 .comment       0x00000086       0x44 /home/docker/STM32Cube/Repository/Packs/STMicroelectronics/X-CUBE-AI/1.0.0/Middlewares/ST/AI/Lib/GCC/ARMCortexM7/NetworkRuntime910_CM7_GCC.a(st_int8_fill.o)
 .comment       0x00000086       0x44 /home/docker/STM32Cube/Repository/Packs/STMicroelectronics/X-CUBE-AI/1.0.0/Middlewares/ST/AI/Lib/GCC/ARMCortexM7/NetworkRuntime910_CM7_GCC.a(ai_datatypes_format.o)
 .comment       0x00000086       0x44 /home/docker/STM32Cube/Repository/Packs/STMicroelectronics/X-CUBE-AI/1.0.0/Middlewares/ST/AI/Lib/GCC/ARMCortexM7/NetworkRuntime910_CM7_GCC.a(ai_datatypes_internal.o)

.debug_ranges   0x00000000      0x138
 .debug_ranges  0x00000000       0x30 stedgeai_app_main.o
 .debug_ranges  0x00000030       0x28 network_data.o
 .debug_ranges  0x00000058       0x20 startup_stm32xx.o
 .debug_ranges  0x00000078       0xc0 network.o

.debug_frame    0x00000000      0x4a8
 .debug_frame   0x00000000       0x7c stedgeai_app_main.o
 .debug_frame   0x0000007c       0x70 network_data.o
 .debug_frame   0x000000ec      0x128 network.o
 .debug_frame   0x00000214      0x144 /opt/st/stm32cubeide_1.15.0/plugins/com.st.stm32cube.ide.mcu.externaltools.gnu-tools-for-stm32.12.3.rel1.linux64_1.0.100.202403111256/tools/bin/../lib/gcc/arm-none-eabi/12.3.1/../../../../arm-none-eabi/lib/thumb/v7e-m+fp/hard/libc_nano.a(libc_a-findfp.o)
 .debug_frame   0x00000358       0x20 /opt/st/stm32cubeide_1.15.0/plugins/com.st.stm32cube.ide.mcu.externaltools.gnu-tools-for-stm32.12.3.rel1.linux64_1.0.100.202403111256/tools/bin/../lib/gcc/arm-none-eabi/12.3.1/../../../../arm-none-eabi/lib/thumb/v7e-m+fp/hard/libc_nano.a(libc_a-errno.o)
 .debug_frame   0x00000378       0x2c /opt/st/stm32cubeide_1.15.0/plugins/com.st.stm32cube.ide.mcu.externaltools.gnu-tools-for-stm32.12.3.rel1.linux64_1.0.100.202403111256/tools/bin/../lib/gcc/arm-none-eabi/12.3.1/../../../../arm-none-eabi/lib/thumb/v7e-m+fp/hard/libc_nano.a(libc_a-init.o)
 .debug_frame   0x000003a4       0x3c /opt/st/stm32cubeide_1.15.0/plugins/com.st.stm32cube.ide.mcu.externaltools.gnu-tools-for-stm32.12.3.rel1.linux64_1.0.100.202403111256/tools/bin/../lib/gcc/arm-none-eabi/12.3.1/../../../../arm-none-eabi/lib/thumb/v7e-m+fp/hard/libm.a(libm_a-wf_exp.o)
 .debug_frame   0x000003e0       0x20 /opt/st/stm32cubeide_1.15.0/plugins/com.st.stm32cube.ide.mcu.externaltools.gnu-tools-for-stm32.12.3.rel1.linux64_1.0.100.202403111256/tools/bin/../lib/gcc/arm-none-eabi/12.3.1/../../../../arm-none-eabi/lib/thumb/v7e-m+fp/hard/libm.a(libm_a-sf_finite.o)
 .debug_frame   0x00000400       0x88 /opt/st/stm32cubeide_1.15.0/plugins/com.st.stm32cube.ide.mcu.externaltools.gnu-tools-for-stm32.12.3.rel1.linux64_1.0.100.202403111256/tools/bin/../lib/gcc/arm-none-eabi/12.3.1/../../../../arm-none-eabi/lib/thumb/v7e-m+fp/hard/libm.a(libm_a-math_errf.o)
 .debug_frame   0x00000488       0x20 /opt/st/stm32cubeide_1.15.0/plugins/com.st.stm32cube.ide.mcu.externaltools.gnu-tools-for-stm32.12.3.rel1.linux64_1.0.100.202403111256/tools/bin/../lib/gcc/arm-none-eabi/12.3.1/../../../../arm-none-eabi/lib/thumb/v7e-m+fp/hard/libm.a(libm_a-ef_exp.o)

.debug_loc      0x00000000      0x71f
 .debug_loc     0x00000000      0x1b4 network_data.o
 .debug_loc     0x000001b4      0x56b network.o

Cross Reference Table

Symbol                                            File
BusFault_Handler                                  startup_stm32xx.o
DebugMon_Handler                                  startup_stm32xx.o
Default_Handler                                   startup_stm32xx.o
HardFault_Handler                                 startup_stm32xx.o
MemManage_Handler                                 startup_stm32xx.o
NMI_Handler                                       startup_stm32xx.o
PendSV_Handler                                    startup_stm32xx.o
Reset_Handler                                     startup_stm32xx.o
SVC_Handler                                       startup_stm32xx.o
SysTick_Handler                                   startup_stm32xx.o
SystemInit                                        stedgeai_app_main.o
                                                  startup_stm32xx.o
UsageFault_Handler                                startup_stm32xx.o
_Min_Stack_Size                                   sysmem.o
__adddf3                                          /opt/st/stm32cubeide_1.15.0/plugins/com.st.stm32cube.ide.mcu.externaltools.gnu-tools-for-stm32.12.3.rel1.linux64_1.0.100.202403111256/tools/bin/../lib/gcc/arm-none-eabi/12.3.1/thumb/v7e-m+fp/hard/libgcc.a(_arm_addsubdf3.o)
__aeabi_cdcmpeq                                   /opt/st/stm32cubeide_1.15.0/plugins/com.st.stm32cube.ide.mcu.externaltools.gnu-tools-for-stm32.12.3.rel1.linux64_1.0.100.202403111256/tools/bin/../lib/gcc/arm-none-eabi/12.3.1/thumb/v7e-m+fp/hard/libgcc.a(_arm_cmpdf2.o)
__aeabi_cdcmple                                   /opt/st/stm32cubeide_1.15.0/plugins/com.st.stm32cube.ide.mcu.externaltools.gnu-tools-for-stm32.12.3.rel1.linux64_1.0.100.202403111256/tools/bin/../lib/gcc/arm-none-eabi/12.3.1/thumb/v7e-m+fp/hard/libgcc.a(_arm_cmpdf2.o)
__aeabi_cdrcmple                                  /opt/st/stm32cubeide_1.15.0/plugins/com.st.stm32cube.ide.mcu.externaltools.gnu-tools-for-stm32.12.3.rel1.linux64_1.0.100.202403111256/tools/bin/../lib/gcc/arm-none-eabi/12.3.1/thumb/v7e-m+fp/hard/libgcc.a(_arm_cmpdf2.o)
__aeabi_d2f                                       /opt/st/stm32cubeide_1.15.0/plugins/com.st.stm32cube.ide.mcu.externaltools.gnu-tools-for-stm32.12.3.rel1.linux64_1.0.100.202403111256/tools/bin/../lib/gcc/arm-none-eabi/12.3.1/thumb/v7e-m+fp/hard/libgcc.a(_arm_truncdfsf2.o)
                                                  /opt/st/stm32cubeide_1.15.0/plugins/com.st.stm32cube.ide.mcu.externaltools.gnu-tools-for-stm32.12.3.rel1.linux64_1.0.100.202403111256/tools/bin/../lib/gcc/arm-none-eabi/12.3.1/../../../../arm-none-eabi/lib/thumb/v7e-m+fp/hard/libm.a(libm_a-sf_erf.o)
__aeabi_d2uiz                                     /opt/st/stm32cubeide_1.15.0/plugins/com.st.stm32cube.ide.mcu.externaltools.gnu-tools-for-stm32.12.3.rel1.linux64_1.0.100.202403111256/tools/bin/../lib/gcc/arm-none-eabi/12.3.1/thumb/v7e-m+fp/hard/libgcc.a(_arm_fixunsdfsi.o)
                                                  /opt/st/stm32cubeide_1.15.0/plugins/com.st.stm32cube.ide.mcu.externaltools.gnu-tools-for-stm32.12.3.rel1.linux64_1.0.100.202403111256/tools/bin/../lib/gcc/arm-none-eabi/12.3.1/thumb/v7e-m+fp/hard/libgcc.a(_fixunssfdi.o)
__aeabi_dadd                                      /opt/st/stm32cubeide_1.15.0/plugins/com.st.stm32cube.ide.mcu.externaltools.gnu-tools-for-stm32.12.3.rel1.linux64_1.0.100.202403111256/tools/bin/../lib/gcc/arm-none-eabi/12.3.1/thumb/v7e-m+fp/hard/libgcc.a(_arm_addsubdf3.o)
__aeabi_dcmpeq                                    /opt/st/stm32cubeide_1.15.0/plugins/com.st.stm32cube.ide.mcu.externaltools.gnu-tools-for-stm32.12.3.rel1.linux64_1.0.100.202403111256/tools/bin/../lib/gcc/arm-none-eabi/12.3.1/thumb/v7e-m+fp/hard/libgcc.a(_arm_cmpdf2.o)
                                                  /opt/st/stm32cubeide_1.15.0/plugins/com.st.stm32cube.ide.mcu.externaltools.gnu-tools-for-stm32.12.3.rel1.linux64_1.0.100.202403111256/tools/bin/../lib/gcc/arm-none-eabi/12.3.1/../../../../arm-none-eabi/lib/thumb/v7e-m+fp/hard/libm.a(libm_a-math_err.o)
__aeabi_dcmpge                                    /opt/st/stm32cubeide_1.15.0/plugins/com.st.stm32cube.ide.mcu.externaltools.gnu-tools-for-stm32.12.3.rel1.linux64_1.0.100.202403111256/tools/bin/../lib/gcc/arm-none-eabi/12.3.1/thumb/v7e-m+fp/hard/libgcc.a(_arm_cmpdf2.o)
__aeabi_dcmpgt                                    /opt/st/stm32cubeide_1.15.0/plugins/com.st.stm32cube.ide.mcu.externaltools.gnu-tools-for-stm32.12.3.rel1.linux64_1.0.100.202403111256/tools/bin/../lib/gcc/arm-none-eabi/12.3.1/thumb/v7e-m+fp/hard/libgcc.a(_arm_cmpdf2.o)
__aeabi_dcmple                                    /opt/st/stm32cubeide_1.15.0/plugins/com.st.stm32cube.ide.mcu.externaltools.gnu-tools-for-stm32.12.3.rel1.linux64_1.0.100.202403111256/tools/bin/../lib/gcc/arm-none-eabi/12.3.1/thumb/v7e-m+fp/hard/libgcc.a(_arm_cmpdf2.o)
                                                  /opt/st/stm32cubeide_1.15.0/plugins/com.st.stm32cube.ide.mcu.externaltools.gnu-tools-for-stm32.12.3.rel1.linux64_1.0.100.202403111256/tools/bin/../lib/gcc/arm-none-eabi/12.3.1/../../../../arm-none-eabi/lib/thumb/v7e-m+fp/hard/libm.a(libm_a-math_err.o)
__aeabi_dcmplt                                    /opt/st/stm32cubeide_1.15.0/plugins/com.st.stm32cube.ide.mcu.externaltools.gnu-tools-for-stm32.12.3.rel1.linux64_1.0.100.202403111256/tools/bin/../lib/gcc/arm-none-eabi/12.3.1/thumb/v7e-m+fp/hard/libgcc.a(_arm_cmpdf2.o)
__aeabi_dcmpun                                    /opt/st/stm32cubeide_1.15.0/plugins/com.st.stm32cube.ide.mcu.externaltools.gnu-tools-for-stm32.12.3.rel1.linux64_1.0.100.202403111256/tools/bin/../lib/gcc/arm-none-eabi/12.3.1/thumb/v7e-m+fp/hard/libgcc.a(_arm_unorddf2.o)
                                                  /opt/st/stm32cubeide_1.15.0/plugins/com.st.stm32cube.ide.mcu.externaltools.gnu-tools-for-stm32.12.3.rel1.linux64_1.0.100.202403111256/tools/bin/../lib/gcc/arm-none-eabi/12.3.1/../../../../arm-none-eabi/lib/thumb/v7e-m+fp/hard/libm.a(libm_a-math_err.o)
__aeabi_ddiv                                      /opt/st/stm32cubeide_1.15.0/plugins/com.st.stm32cube.ide.mcu.externaltools.gnu-tools-for-stm32.12.3.rel1.linux64_1.0.100.202403111256/tools/bin/../lib/gcc/arm-none-eabi/12.3.1/thumb/v7e-m+fp/hard/libgcc.a(_arm_muldivdf3.o)
                                                  /opt/st/stm32cubeide_1.15.0/plugins/com.st.stm32cube.ide.mcu.externaltools.gnu-tools-for-stm32.12.3.rel1.linux64_1.0.100.202403111256/tools/bin/../lib/gcc/arm-none-eabi/12.3.1/../../../../arm-none-eabi/lib/thumb/v7e-m+fp/hard/libm.a(libm_a-math_err.o)
__aeabi_dmul                                      /opt/st/stm32cubeide_1.15.0/plugins/com.st.stm32cube.ide.mcu.externaltools.gnu-tools-for-stm32.12.3.rel1.linux64_1.0.100.202403111256/tools/bin/../lib/gcc/arm-none-eabi/12.3.1/thumb/v7e-m+fp/hard/libgcc.a(_arm_muldivdf3.o)
                                                  /opt/st/stm32cubeide_1.15.0/plugins/com.st.stm32cube.ide.mcu.externaltools.gnu-tools-for-stm32.12.3.rel1.linux64_1.0.100.202403111256/tools/bin/../lib/gcc/arm-none-eabi/12.3.1/thumb/v7e-m+fp/hard/libgcc.a(_arm_muldf3.o)
                                                  /opt/st/stm32cubeide_1.15.0/plugins/com.st.stm32cube.ide.mcu.externaltools.gnu-tools-for-stm32.12.3.rel1.linux64_1.0.100.202403111256/tools/bin/../lib/gcc/arm-none-eabi/12.3.1/../../../../arm-none-eabi/lib/thumb/v7e-m+fp/hard/libm.a(libm_a-math_err.o)
                                                  /opt/st/stm32cubeide_1.15.0/plugins/com.st.stm32cube.ide.mcu.externaltools.gnu-tools-for-stm32.12.3.rel1.linux64_1.0.100.202403111256/tools/bin/../lib/gcc/arm-none-eabi/12.3.1/thumb/v7e-m+fp/hard/libgcc.a(_fixunssfdi.o)
__aeabi_drsub                                     /opt/st/stm32cubeide_1.15.0/plugins/com.st.stm32cube.ide.mcu.externaltools.gnu-tools-for-stm32.12.3.rel1.linux64_1.0.100.202403111256/tools/bin/../lib/gcc/arm-none-eabi/12.3.1/thumb/v7e-m+fp/hard/libgcc.a(_arm_addsubdf3.o)
__aeabi_dsub                                      /opt/st/stm32cubeide_1.15.0/plugins/com.st.stm32cube.ide.mcu.externaltools.gnu-tools-for-stm32.12.3.rel1.linux64_1.0.100.202403111256/tools/bin/../lib/gcc/arm-none-eabi/12.3.1/thumb/v7e-m+fp/hard/libgcc.a(_arm_addsubdf3.o)
                                                  /opt/st/stm32cubeide_1.15.0/plugins/com.st.stm32cube.ide.mcu.externaltools.gnu-tools-for-stm32.12.3.rel1.linux64_1.0.100.202403111256/tools/bin/../lib/gcc/arm-none-eabi/12.3.1/../../../../arm-none-eabi/lib/thumb/v7e-m+fp/hard/libm.a(libm_a-math_err.o)
                                                  /opt/st/stm32cubeide_1.15.0/plugins/com.st.stm32cube.ide.mcu.externaltools.gnu-tools-for-stm32.12.3.rel1.linux64_1.0.100.202403111256/tools/bin/../lib/gcc/arm-none-eabi/12.3.1/thumb/v7e-m+fp/hard/libgcc.a(_fixunssfdi.o)
__aeabi_f2d                                       /opt/st/stm32cubeide_1.15.0/plugins/com.st.stm32cube.ide.mcu.externaltools.gnu-tools-for-stm32.12.3.rel1.linux64_1.0.100.202403111256/tools/bin/../lib/gcc/arm-none-eabi/12.3.1/thumb/v7e-m+fp/hard/libgcc.a(_arm_addsubdf3.o)
                                                  /opt/st/stm32cubeide_1.15.0/plugins/com.st.stm32cube.ide.mcu.externaltools.gnu-tools-for-stm32.12.3.rel1.linux64_1.0.100.202403111256/tools/bin/../lib/gcc/arm-none-eabi/12.3.1/thumb/v7e-m+fp/hard/libgcc.a(_fixunssfdi.o)
__aeabi_f2lz                                      /opt/st/stm32cubeide_1.15.0/plugins/com.st.stm32cube.ide.mcu.externaltools.gnu-tools-for-stm32.12.3.rel1.linux64_1.0.100.202403111256/tools/bin/../lib/gcc/arm-none-eabi/12.3.1/thumb/v7e-m+fp/hard/libgcc.a(_fixsfdi.o)
                                                  /home/docker/STM32Cube/Repository/Packs/STMicroelectronics/X-CUBE-AI/1.0.0/Middlewares/ST/AI/Lib/GCC/ARMCortexM7/NetworkRuntime910_CM7_GCC.a(st_align_factor.o)
__aeabi_f2ulz                                     /opt/st/stm32cubeide_1.15.0/plugins/com.st.stm32cube.ide.mcu.externaltools.gnu-tools-for-stm32.12.3.rel1.linux64_1.0.100.202403111256/tools/bin/../lib/gcc/arm-none-eabi/12.3.1/thumb/v7e-m+fp/hard/libgcc.a(_fixunssfdi.o)
                                                  /opt/st/stm32cubeide_1.15.0/plugins/com.st.stm32cube.ide.mcu.externaltools.gnu-tools-for-stm32.12.3.rel1.linux64_1.0.100.202403111256/tools/bin/../lib/gcc/arm-none-eabi/12.3.1/thumb/v7e-m+fp/hard/libgcc.a(_fixsfdi.o)
__aeabi_i2d                                       /opt/st/stm32cubeide_1.15.0/plugins/com.st.stm32cube.ide.mcu.externaltools.gnu-tools-for-stm32.12.3.rel1.linux64_1.0.100.202403111256/tools/bin/../lib/gcc/arm-none-eabi/12.3.1/thumb/v7e-m+fp/hard/libgcc.a(_arm_addsubdf3.o)
__aeabi_l2d                                       /opt/st/stm32cubeide_1.15.0/plugins/com.st.stm32cube.ide.mcu.externaltools.gnu-tools-for-stm32.12.3.rel1.linux64_1.0.100.202403111256/tools/bin/../lib/gcc/arm-none-eabi/12.3.1/thumb/v7e-m+fp/hard/libgcc.a(_arm_addsubdf3.o)
__aeabi_ui2d                                      /opt/st/stm32cubeide_1.15.0/plugins/com.st.stm32cube.ide.mcu.externaltools.gnu-tools-for-stm32.12.3.rel1.linux64_1.0.100.202403111256/tools/bin/../lib/gcc/arm-none-eabi/12.3.1/thumb/v7e-m+fp/hard/libgcc.a(_arm_addsubdf3.o)
                                                  /opt/st/stm32cubeide_1.15.0/plugins/com.st.stm32cube.ide.mcu.externaltools.gnu-tools-for-stm32.12.3.rel1.linux64_1.0.100.202403111256/tools/bin/../lib/gcc/arm-none-eabi/12.3.1/thumb/v7e-m+fp/hard/libgcc.a(_fixunssfdi.o)
__aeabi_ul2d                                      /opt/st/stm32cubeide_1.15.0/plugins/com.st.stm32cube.ide.mcu.externaltools.gnu-tools-for-stm32.12.3.rel1.linux64_1.0.100.202403111256/tools/bin/../lib/gcc/arm-none-eabi/12.3.1/thumb/v7e-m+fp/hard/libgcc.a(_arm_addsubdf3.o)
__bss_end__                                       /opt/st/stm32cubeide_1.15.0/plugins/com.st.stm32cube.ide.mcu.externaltools.gnu-tools-for-stm32.12.3.rel1.linux64_1.0.100.202403111256/tools/bin/../lib/gcc/arm-none-eabi/12.3.1/../../../../arm-none-eabi/lib/thumb/v7e-m+fp/hard/crt0.o
__bss_start__                                     /opt/st/stm32cubeide_1.15.0/plugins/com.st.stm32cube.ide.mcu.externaltools.gnu-tools-for-stm32.12.3.rel1.linux64_1.0.100.202403111256/tools/bin/../lib/gcc/arm-none-eabi/12.3.1/../../../../arm-none-eabi/lib/thumb/v7e-m+fp/hard/crt0.o
__call_exitprocs                                  /opt/st/stm32cubeide_1.15.0/plugins/com.st.stm32cube.ide.mcu.externaltools.gnu-tools-for-stm32.12.3.rel1.linux64_1.0.100.202403111256/tools/bin/../lib/gcc/arm-none-eabi/12.3.1/../../../../arm-none-eabi/lib/thumb/v7e-m+fp/hard/libc_nano.a(libc_a-exit.o)
__cmpdf2                                          /opt/st/stm32cubeide_1.15.0/plugins/com.st.stm32cube.ide.mcu.externaltools.gnu-tools-for-stm32.12.3.rel1.linux64_1.0.100.202403111256/tools/bin/../lib/gcc/arm-none-eabi/12.3.1/thumb/v7e-m+fp/hard/libgcc.a(_arm_cmpdf2.o)
__deregister_frame_info                           /opt/st/stm32cubeide_1.15.0/plugins/com.st.stm32cube.ide.mcu.externaltools.gnu-tools-for-stm32.12.3.rel1.linux64_1.0.100.202403111256/tools/bin/../lib/gcc/arm-none-eabi/12.3.1/thumb/v7e-m+fp/hard/crtbegin.o
__divdf3                                          /opt/st/stm32cubeide_1.15.0/plugins/com.st.stm32cube.ide.mcu.externaltools.gnu-tools-for-stm32.12.3.rel1.linux64_1.0.100.202403111256/tools/bin/../lib/gcc/arm-none-eabi/12.3.1/thumb/v7e-m+fp/hard/libgcc.a(_arm_muldivdf3.o)
__dso_handle                                      /opt/st/stm32cubeide_1.15.0/plugins/com.st.stm32cube.ide.mcu.externaltools.gnu-tools-for-stm32.12.3.rel1.linux64_1.0.100.202403111256/tools/bin/../lib/gcc/arm-none-eabi/12.3.1/thumb/v7e-m+fp/hard/crtbegin.o
__env                                             syscalls.o
__eqdf2                                           /opt/st/stm32cubeide_1.15.0/plugins/com.st.stm32cube.ide.mcu.externaltools.gnu-tools-for-stm32.12.3.rel1.linux64_1.0.100.202403111256/tools/bin/../lib/gcc/arm-none-eabi/12.3.1/thumb/v7e-m+fp/hard/libgcc.a(_arm_cmpdf2.o)
__errno                                           /opt/st/stm32cubeide_1.15.0/plugins/com.st.stm32cube.ide.mcu.externaltools.gnu-tools-for-stm32.12.3.rel1.linux64_1.0.100.202403111256/tools/bin/../lib/gcc/arm-none-eabi/12.3.1/../../../../arm-none-eabi/lib/thumb/v7e-m+fp/hard/libc_nano.a(libc_a-errno.o)
                                                  /opt/st/stm32cubeide_1.15.0/plugins/com.st.stm32cube.ide.mcu.externaltools.gnu-tools-for-stm32.12.3.rel1.linux64_1.0.100.202403111256/tools/bin/../lib/gcc/arm-none-eabi/12.3.1/../../../../arm-none-eabi/lib/thumb/v7e-m+fp/hard/libm.a(libm_a-math_errf.o)
                                                  /opt/st/stm32cubeide_1.15.0/plugins/com.st.stm32cube.ide.mcu.externaltools.gnu-tools-for-stm32.12.3.rel1.linux64_1.0.100.202403111256/tools/bin/../lib/gcc/arm-none-eabi/12.3.1/../../../../arm-none-eabi/lib/thumb/v7e-m+fp/hard/libm.a(libm_a-math_err.o)
                                                  /opt/st/stm32cubeide_1.15.0/plugins/com.st.stm32cube.ide.mcu.externaltools.gnu-tools-for-stm32.12.3.rel1.linux64_1.0.100.202403111256/tools/bin/../lib/gcc/arm-none-eabi/12.3.1/../../../../arm-none-eabi/lib/thumb/v7e-m+fp/hard/libm.a(libm_a-wf_sinh.o)
                                                  /opt/st/stm32cubeide_1.15.0/plugins/com.st.stm32cube.ide.mcu.externaltools.gnu-tools-for-stm32.12.3.rel1.linux64_1.0.100.202403111256/tools/bin/../lib/gcc/arm-none-eabi/12.3.1/../../../../arm-none-eabi/lib/thumb/v7e-m+fp/hard/libm.a(libm_a-wf_pow.o)
                                                  /opt/st/stm32cubeide_1.15.0/plugins/com.st.stm32cube.ide.mcu.externaltools.gnu-tools-for-stm32.12.3.rel1.linux64_1.0.100.202403111256/tools/bin/../lib/gcc/arm-none-eabi/12.3.1/../../../../arm-none-eabi/lib/thumb/v7e-m+fp/hard/libm.a(libm_a-wf_log.o)
                                                  /opt/st/stm32cubeide_1.15.0/plugins/com.st.stm32cube.ide.mcu.externaltools.gnu-tools-for-stm32.12.3.rel1.linux64_1.0.100.202403111256/tools/bin/../lib/gcc/arm-none-eabi/12.3.1/../../../../arm-none-eabi/lib/thumb/v7e-m+fp/hard/libm.a(libm_a-wf_fmod.o)
                                                  /opt/st/stm32cubeide_1.15.0/plugins/com.st.stm32cube.ide.mcu.externaltools.gnu-tools-for-stm32.12.3.rel1.linux64_1.0.100.202403111256/tools/bin/../lib/gcc/arm-none-eabi/12.3.1/../../../../arm-none-eabi/lib/thumb/v7e-m+fp/hard/libm.a(libm_a-wf_exp.o)
                                                  /opt/st/stm32cubeide_1.15.0/plugins/com.st.stm32cube.ide.mcu.externaltools.gnu-tools-for-stm32.12.3.rel1.linux64_1.0.100.202403111256/tools/bin/../lib/gcc/arm-none-eabi/12.3.1/../../../../arm-none-eabi/lib/thumb/v7e-m+fp/hard/libm.a(libm_a-wf_cosh.o)
                                                  /opt/st/stm32cubeide_1.15.0/plugins/com.st.stm32cube.ide.mcu.externaltools.gnu-tools-for-stm32.12.3.rel1.linux64_1.0.100.202403111256/tools/bin/../lib/gcc/arm-none-eabi/12.3.1/../../../../arm-none-eabi/lib/thumb/v7e-m+fp/hard/libm.a(libm_a-wf_atanh.o)
                                                  /opt/st/stm32cubeide_1.15.0/plugins/com.st.stm32cube.ide.mcu.externaltools.gnu-tools-for-stm32.12.3.rel1.linux64_1.0.100.202403111256/tools/bin/../lib/gcc/arm-none-eabi/12.3.1/../../../../arm-none-eabi/lib/thumb/v7e-m+fp/hard/libm.a(libm_a-wf_asin.o)
                                                  /opt/st/stm32cubeide_1.15.0/plugins/com.st.stm32cube.ide.mcu.externaltools.gnu-tools-for-stm32.12.3.rel1.linux64_1.0.100.202403111256/tools/bin/../lib/gcc/arm-none-eabi/12.3.1/../../../../arm-none-eabi/lib/thumb/v7e-m+fp/hard/libm.a(libm_a-wf_acosh.o)
                                                  /opt/st/stm32cubeide_1.15.0/plugins/com.st.stm32cube.ide.mcu.externaltools.gnu-tools-for-stm32.12.3.rel1.linux64_1.0.100.202403111256/tools/bin/../lib/gcc/arm-none-eabi/12.3.1/../../../../arm-none-eabi/lib/thumb/v7e-m+fp/hard/libm.a(libm_a-wf_acos.o)
                                                  sysmem.o
                                                  syscalls.o
__extendsfdf2                                     /opt/st/stm32cubeide_1.15.0/plugins/com.st.stm32cube.ide.mcu.externaltools.gnu-tools-for-stm32.12.3.rel1.linux64_1.0.100.202403111256/tools/bin/../lib/gcc/arm-none-eabi/12.3.1/thumb/v7e-m+fp/hard/libgcc.a(_arm_addsubdf3.o)
__fixsfdi                                         /opt/st/stm32cubeide_1.15.0/plugins/com.st.stm32cube.ide.mcu.externaltools.gnu-tools-for-stm32.12.3.rel1.linux64_1.0.100.202403111256/tools/bin/../lib/gcc/arm-none-eabi/12.3.1/thumb/v7e-m+fp/hard/libgcc.a(_fixsfdi.o)
__fixunsdfsi                                      /opt/st/stm32cubeide_1.15.0/plugins/com.st.stm32cube.ide.mcu.externaltools.gnu-tools-for-stm32.12.3.rel1.linux64_1.0.100.202403111256/tools/bin/../lib/gcc/arm-none-eabi/12.3.1/thumb/v7e-m+fp/hard/libgcc.a(_arm_fixunsdfsi.o)
__fixunssfdi                                      /opt/st/stm32cubeide_1.15.0/plugins/com.st.stm32cube.ide.mcu.externaltools.gnu-tools-for-stm32.12.3.rel1.linux64_1.0.100.202403111256/tools/bin/../lib/gcc/arm-none-eabi/12.3.1/thumb/v7e-m+fp/hard/libgcc.a(_fixunssfdi.o)
__floatdidf                                       /opt/st/stm32cubeide_1.15.0/plugins/com.st.stm32cube.ide.mcu.externaltools.gnu-tools-for-stm32.12.3.rel1.linux64_1.0.100.202403111256/tools/bin/../lib/gcc/arm-none-eabi/12.3.1/thumb/v7e-m+fp/hard/libgcc.a(_arm_addsubdf3.o)
__floatsidf                                       /opt/st/stm32cubeide_1.15.0/plugins/com.st.stm32cube.ide.mcu.externaltools.gnu-tools-for-stm32.12.3.rel1.linux64_1.0.100.202403111256/tools/bin/../lib/gcc/arm-none-eabi/12.3.1/thumb/v7e-m+fp/hard/libgcc.a(_arm_addsubdf3.o)
__floatundidf                                     /opt/st/stm32cubeide_1.15.0/plugins/com.st.stm32cube.ide.mcu.externaltools.gnu-tools-for-stm32.12.3.rel1.linux64_1.0.100.202403111256/tools/bin/../lib/gcc/arm-none-eabi/12.3.1/thumb/v7e-m+fp/hard/libgcc.a(_arm_addsubdf3.o)
__floatunsidf                                     /opt/st/stm32cubeide_1.15.0/plugins/com.st.stm32cube.ide.mcu.externaltools.gnu-tools-for-stm32.12.3.rel1.linux64_1.0.100.202403111256/tools/bin/../lib/gcc/arm-none-eabi/12.3.1/thumb/v7e-m+fp/hard/libgcc.a(_arm_addsubdf3.o)
__fp_lock_all                                     /opt/st/stm32cubeide_1.15.0/plugins/com.st.stm32cube.ide.mcu.externaltools.gnu-tools-for-stm32.12.3.rel1.linux64_1.0.100.202403111256/tools/bin/../lib/gcc/arm-none-eabi/12.3.1/../../../../arm-none-eabi/lib/thumb/v7e-m+fp/hard/libc_nano.a(libc_a-findfp.o)
__fp_unlock_all                                   /opt/st/stm32cubeide_1.15.0/plugins/com.st.stm32cube.ide.mcu.externaltools.gnu-tools-for-stm32.12.3.rel1.linux64_1.0.100.202403111256/tools/bin/../lib/gcc/arm-none-eabi/12.3.1/../../../../arm-none-eabi/lib/thumb/v7e-m+fp/hard/libc_nano.a(libc_a-findfp.o)
__gedf2                                           /opt/st/stm32cubeide_1.15.0/plugins/com.st.stm32cube.ide.mcu.externaltools.gnu-tools-for-stm32.12.3.rel1.linux64_1.0.100.202403111256/tools/bin/../lib/gcc/arm-none-eabi/12.3.1/thumb/v7e-m+fp/hard/libgcc.a(_arm_cmpdf2.o)
__gtdf2                                           /opt/st/stm32cubeide_1.15.0/plugins/com.st.stm32cube.ide.mcu.externaltools.gnu-tools-for-stm32.12.3.rel1.linux64_1.0.100.202403111256/tools/bin/../lib/gcc/arm-none-eabi/12.3.1/thumb/v7e-m+fp/hard/libgcc.a(_arm_cmpdf2.o)
__ieee754_acosf                                   /opt/st/stm32cubeide_1.15.0/plugins/com.st.stm32cube.ide.mcu.externaltools.gnu-tools-for-stm32.12.3.rel1.linux64_1.0.100.202403111256/tools/bin/../lib/gcc/arm-none-eabi/12.3.1/../../../../arm-none-eabi/lib/thumb/v7e-m+fp/hard/libm.a(libm_a-ef_acos.o)
                                                  /opt/st/stm32cubeide_1.15.0/plugins/com.st.stm32cube.ide.mcu.externaltools.gnu-tools-for-stm32.12.3.rel1.linux64_1.0.100.202403111256/tools/bin/../lib/gcc/arm-none-eabi/12.3.1/../../../../arm-none-eabi/lib/thumb/v7e-m+fp/hard/libm.a(libm_a-wf_acos.o)
__ieee754_acoshf                                  /opt/st/stm32cubeide_1.15.0/plugins/com.st.stm32cube.ide.mcu.externaltools.gnu-tools-for-stm32.12.3.rel1.linux64_1.0.100.202403111256/tools/bin/../lib/gcc/arm-none-eabi/12.3.1/../../../../arm-none-eabi/lib/thumb/v7e-m+fp/hard/libm.a(libm_a-ef_acosh.o)
                                                  /opt/st/stm32cubeide_1.15.0/plugins/com.st.stm32cube.ide.mcu.externaltools.gnu-tools-for-stm32.12.3.rel1.linux64_1.0.100.202403111256/tools/bin/../lib/gcc/arm-none-eabi/12.3.1/../../../../arm-none-eabi/lib/thumb/v7e-m+fp/hard/libm.a(libm_a-wf_acosh.o)
__ieee754_asinf                                   /opt/st/stm32cubeide_1.15.0/plugins/com.st.stm32cube.ide.mcu.externaltools.gnu-tools-for-stm32.12.3.rel1.linux64_1.0.100.202403111256/tools/bin/../lib/gcc/arm-none-eabi/12.3.1/../../../../arm-none-eabi/lib/thumb/v7e-m+fp/hard/libm.a(libm_a-ef_asin.o)
                                                  /opt/st/stm32cubeide_1.15.0/plugins/com.st.stm32cube.ide.mcu.externaltools.gnu-tools-for-stm32.12.3.rel1.linux64_1.0.100.202403111256/tools/bin/../lib/gcc/arm-none-eabi/12.3.1/../../../../arm-none-eabi/lib/thumb/v7e-m+fp/hard/libm.a(libm_a-wf_asin.o)
__ieee754_atanhf                                  /opt/st/stm32cubeide_1.15.0/plugins/com.st.stm32cube.ide.mcu.externaltools.gnu-tools-for-stm32.12.3.rel1.linux64_1.0.100.202403111256/tools/bin/../lib/gcc/arm-none-eabi/12.3.1/../../../../arm-none-eabi/lib/thumb/v7e-m+fp/hard/libm.a(libm_a-ef_atanh.o)
                                                  /opt/st/stm32cubeide_1.15.0/plugins/com.st.stm32cube.ide.mcu.externaltools.gnu-tools-for-stm32.12.3.rel1.linux64_1.0.100.202403111256/tools/bin/../lib/gcc/arm-none-eabi/12.3.1/../../../../arm-none-eabi/lib/thumb/v7e-m+fp/hard/libm.a(libm_a-wf_atanh.o)
__ieee754_coshf                                   /opt/st/stm32cubeide_1.15.0/plugins/com.st.stm32cube.ide.mcu.externaltools.gnu-tools-for-stm32.12.3.rel1.linux64_1.0.100.202403111256/tools/bin/../lib/gcc/arm-none-eabi/12.3.1/../../../../arm-none-eabi/lib/thumb/v7e-m+fp/hard/libm.a(libm_a-ef_cosh.o)
                                                  /opt/st/stm32cubeide_1.15.0/plugins/com.st.stm32cube.ide.mcu.externaltools.gnu-tools-for-stm32.12.3.rel1.linux64_1.0.100.202403111256/tools/bin/../lib/gcc/arm-none-eabi/12.3.1/../../../../arm-none-eabi/lib/thumb/v7e-m+fp/hard/libm.a(libm_a-wf_cosh.o)
__ieee754_expf                                    /opt/st/stm32cubeide_1.15.0/plugins/com.st.stm32cube.ide.mcu.externaltools.gnu-tools-for-stm32.12.3.rel1.linux64_1.0.100.202403111256/tools/bin/../lib/gcc/arm-none-eabi/12.3.1/../../../../arm-none-eabi/lib/thumb/v7e-m+fp/hard/libm.a(libm_a-ef_exp.o)
                                                  /opt/st/stm32cubeide_1.15.0/plugins/com.st.stm32cube.ide.mcu.externaltools.gnu-tools-for-stm32.12.3.rel1.linux64_1.0.100.202403111256/tools/bin/../lib/gcc/arm-none-eabi/12.3.1/../../../../arm-none-eabi/lib/thumb/v7e-m+fp/hard/libm.a(libm_a-ef_sinh.o)
                                                  /opt/st/stm32cubeide_1.15.0/plugins/com.st.stm32cube.ide.mcu.externaltools.gnu-tools-for-stm32.12.3.rel1.linux64_1.0.100.202403111256/tools/bin/../lib/gcc/arm-none-eabi/12.3.1/../../../../arm-none-eabi/lib/thumb/v7e-m+fp/hard/libm.a(libm_a-ef_cosh.o)
                                                  /opt/st/stm32cubeide_1.15.0/plugins/com.st.stm32cube.ide.mcu.externaltools.gnu-tools-for-stm32.12.3.rel1.linux64_1.0.100.202403111256/tools/bin/../lib/gcc/arm-none-eabi/12.3.1/../../../../arm-none-eabi/lib/thumb/v7e-m+fp/hard/libm.a(libm_a-sf_erf.o)
                                                  /opt/st/stm32cubeide_1.15.0/plugins/com.st.stm32cube.ide.mcu.externaltools.gnu-tools-for-stm32.12.3.rel1.linux64_1.0.100.202403111256/tools/bin/../lib/gcc/arm-none-eabi/12.3.1/../../../../arm-none-eabi/lib/thumb/v7e-m+fp/hard/libm.a(libm_a-wf_exp.o)
__ieee754_fmodf                                   /opt/st/stm32cubeide_1.15.0/plugins/com.st.stm32cube.ide.mcu.externaltools.gnu-tools-for-stm32.12.3.rel1.linux64_1.0.100.202403111256/tools/bin/../lib/gcc/arm-none-eabi/12.3.1/../../../../arm-none-eabi/lib/thumb/v7e-m+fp/hard/libm.a(libm_a-ef_fmod.o)
                                                  /opt/st/stm32cubeide_1.15.0/plugins/com.st.stm32cube.ide.mcu.externaltools.gnu-tools-for-stm32.12.3.rel1.linux64_1.0.100.202403111256/tools/bin/../lib/gcc/arm-none-eabi/12.3.1/../../../../arm-none-eabi/lib/thumb/v7e-m+fp/hard/libm.a(libm_a-wf_fmod.o)
__ieee754_logf                                    /opt/st/stm32cubeide_1.15.0/plugins/com.st.stm32cube.ide.mcu.externaltools.gnu-tools-for-stm32.12.3.rel1.linux64_1.0.100.202403111256/tools/bin/../lib/gcc/arm-none-eabi/12.3.1/../../../../arm-none-eabi/lib/thumb/v7e-m+fp/hard/libm.a(libm_a-ef_log.o)
                                                  /opt/st/stm32cubeide_1.15.0/plugins/com.st.stm32cube.ide.mcu.externaltools.gnu-tools-for-stm32.12.3.rel1.linux64_1.0.100.202403111256/tools/bin/../lib/gcc/arm-none-eabi/12.3.1/../../../../arm-none-eabi/lib/thumb/v7e-m+fp/hard/libm.a(libm_a-ef_acosh.o)
                                                  /opt/st/stm32cubeide_1.15.0/plugins/com.st.stm32cube.ide.mcu.externaltools.gnu-tools-for-stm32.12.3.rel1.linux64_1.0.100.202403111256/tools/bin/../lib/gcc/arm-none-eabi/12.3.1/../../../../arm-none-eabi/lib/thumb/v7e-m+fp/hard/libm.a(libm_a-sf_asinh.o)
                                                  /opt/st/stm32cubeide_1.15.0/plugins/com.st.stm32cube.ide.mcu.externaltools.gnu-tools-for-stm32.12.3.rel1.linux64_1.0.100.202403111256/tools/bin/../lib/gcc/arm-none-eabi/12.3.1/../../../../arm-none-eabi/lib/thumb/v7e-m+fp/hard/libm.a(libm_a-wf_log.o)
__ieee754_powf                                    /opt/st/stm32cubeide_1.15.0/plugins/com.st.stm32cube.ide.mcu.externaltools.gnu-tools-for-stm32.12.3.rel1.linux64_1.0.100.202403111256/tools/bin/../lib/gcc/arm-none-eabi/12.3.1/../../../../arm-none-eabi/lib/thumb/v7e-m+fp/hard/libm.a(libm_a-ef_pow.o)
                                                  /opt/st/stm32cubeide_1.15.0/plugins/com.st.stm32cube.ide.mcu.externaltools.gnu-tools-for-stm32.12.3.rel1.linux64_1.0.100.202403111256/tools/bin/../lib/gcc/arm-none-eabi/12.3.1/../../../../arm-none-eabi/lib/thumb/v7e-m+fp/hard/libm.a(libm_a-wf_pow.o)
__ieee754_rem_pio2f                               /opt/st/stm32cubeide_1.15.0/plugins/com.st.stm32cube.ide.mcu.externaltools.gnu-tools-for-stm32.12.3.rel1.linux64_1.0.100.202403111256/tools/bin/../lib/gcc/arm-none-eabi/12.3.1/../../../../arm-none-eabi/lib/thumb/v7e-m+fp/hard/libm.a(libm_a-ef_rem_pio2.o)
                                                  /opt/st/stm32cubeide_1.15.0/plugins/com.st.stm32cube.ide.mcu.externaltools.gnu-tools-for-stm32.12.3.rel1.linux64_1.0.100.202403111256/tools/bin/../lib/gcc/arm-none-eabi/12.3.1/../../../../arm-none-eabi/lib/thumb/v7e-m+fp/hard/libm.a(libm_a-sf_tan.o)
                                                  /opt/st/stm32cubeide_1.15.0/plugins/com.st.stm32cube.ide.mcu.externaltools.gnu-tools-for-stm32.12.3.rel1.linux64_1.0.100.202403111256/tools/bin/../lib/gcc/arm-none-eabi/12.3.1/../../../../arm-none-eabi/lib/thumb/v7e-m+fp/hard/libm.a(libm_a-sf_sin.o)
                                                  /opt/st/stm32cubeide_1.15.0/plugins/com.st.stm32cube.ide.mcu.externaltools.gnu-tools-for-stm32.12.3.rel1.linux64_1.0.100.202403111256/tools/bin/../lib/gcc/arm-none-eabi/12.3.1/../../../../arm-none-eabi/lib/thumb/v7e-m+fp/hard/libm.a(libm_a-sf_cos.o)
__ieee754_sinhf                                   /opt/st/stm32cubeide_1.15.0/plugins/com.st.stm32cube.ide.mcu.externaltools.gnu-tools-for-stm32.12.3.rel1.linux64_1.0.100.202403111256/tools/bin/../lib/gcc/arm-none-eabi/12.3.1/../../../../arm-none-eabi/lib/thumb/v7e-m+fp/hard/libm.a(libm_a-ef_sinh.o)
                                                  /opt/st/stm32cubeide_1.15.0/plugins/com.st.stm32cube.ide.mcu.externaltools.gnu-tools-for-stm32.12.3.rel1.linux64_1.0.100.202403111256/tools/bin/../lib/gcc/arm-none-eabi/12.3.1/../../../../arm-none-eabi/lib/thumb/v7e-m+fp/hard/libm.a(libm_a-wf_sinh.o)
__ieee754_sqrtf                                   /opt/st/stm32cubeide_1.15.0/plugins/com.st.stm32cube.ide.mcu.externaltools.gnu-tools-for-stm32.12.3.rel1.linux64_1.0.100.202403111256/tools/bin/../lib/gcc/arm-none-eabi/12.3.1/../../../../arm-none-eabi/lib/thumb/v7e-m+fp/hard/libm.a(libm_a-ef_sqrt.o)
                                                  /opt/st/stm32cubeide_1.15.0/plugins/com.st.stm32cube.ide.mcu.externaltools.gnu-tools-for-stm32.12.3.rel1.linux64_1.0.100.202403111256/tools/bin/../lib/gcc/arm-none-eabi/12.3.1/../../../../arm-none-eabi/lib/thumb/v7e-m+fp/hard/libm.a(libm_a-ef_pow.o)
                                                  /opt/st/stm32cubeide_1.15.0/plugins/com.st.stm32cube.ide.mcu.externaltools.gnu-tools-for-stm32.12.3.rel1.linux64_1.0.100.202403111256/tools/bin/../lib/gcc/arm-none-eabi/12.3.1/../../../../arm-none-eabi/lib/thumb/v7e-m+fp/hard/libm.a(libm_a-ef_asin.o)
                                                  /opt/st/stm32cubeide_1.15.0/plugins/com.st.stm32cube.ide.mcu.externaltools.gnu-tools-for-stm32.12.3.rel1.linux64_1.0.100.202403111256/tools/bin/../lib/gcc/arm-none-eabi/12.3.1/../../../../arm-none-eabi/lib/thumb/v7e-m+fp/hard/libm.a(libm_a-ef_acosh.o)
                                                  /opt/st/stm32cubeide_1.15.0/plugins/com.st.stm32cube.ide.mcu.externaltools.gnu-tools-for-stm32.12.3.rel1.linux64_1.0.100.202403111256/tools/bin/../lib/gcc/arm-none-eabi/12.3.1/../../../../arm-none-eabi/lib/thumb/v7e-m+fp/hard/libm.a(libm_a-ef_acos.o)
                                                  /opt/st/stm32cubeide_1.15.0/plugins/com.st.stm32cube.ide.mcu.externaltools.gnu-tools-for-stm32.12.3.rel1.linux64_1.0.100.202403111256/tools/bin/../lib/gcc/arm-none-eabi/12.3.1/../../../../arm-none-eabi/lib/thumb/v7e-m+fp/hard/libm.a(libm_a-sf_asinh.o)
__init_array_end                                  /opt/st/stm32cubeide_1.15.0/plugins/com.st.stm32cube.ide.mcu.externaltools.gnu-tools-for-stm32.12.3.rel1.linux64_1.0.100.202403111256/tools/bin/../lib/gcc/arm-none-eabi/12.3.1/../../../../arm-none-eabi/lib/thumb/v7e-m+fp/hard/libc_nano.a(libc_a-init.o)
__init_array_start                                /opt/st/stm32cubeide_1.15.0/plugins/com.st.stm32cube.ide.mcu.externaltools.gnu-tools-for-stm32.12.3.rel1.linux64_1.0.100.202403111256/tools/bin/../lib/gcc/arm-none-eabi/12.3.1/../../../../arm-none-eabi/lib/thumb/v7e-m+fp/hard/libc_nano.a(libc_a-init.o)
__io_getchar                                      syscalls.o
__io_putchar                                      syscalls.o